---------------------------------------------------------------------------
11/04/2026 - 04:57 AM - INFO - ID: 9c7196d5-ac37-45f8-9465-f5e2ba860892
CNN BEGINS TRAINING  
  Epochs: 75
  Batch Size: 16
  Learning Rate: 5e-4
  Device: cuda
---------------------------------------------------------------------------
11/04/2026 - 05:00 AM - INFO - ID: 7ed045b2-299b-44ea-a6b2-df884b4c9a76
=== Epoch 1/75 ===
 Train | Loss: 1.7725 | Acc: 25.09%
 Valid | Loss: 1.7188 | Acc: 29.18%
 Per-class val: {0: 27.058823529411764, 1: 24.82758620689655, 2: 26.19047619047619, 3: 37.982195845697326, 4: 31.230283911671926, 5: 30.0}
 Time: 202.3s

---------------------------------------------------------------------------
11/04/2026 - 05:03 AM - INFO - ID: 48397cfa-7868-4eab-baa5-7f89817563b8
=== Epoch 2/75 ===
 Train | Loss: 1.6703 | Acc: 31.25%
 Valid | Loss: 1.8357 | Acc: 25.15%
 Per-class val: {0: 31.96078431372549, 1: 8.793103448275861, 2: 33.333333333333336, 3: 41.839762611275965, 4: 21.13564668769716, 5: 25.58139534883721}
 Time: 170.5s

---------------------------------------------------------------------------
11/04/2026 - 05:06 AM - INFO - ID: 82e36621-6de1-4ac7-b1fb-12384bce1c2d
=== Epoch 3/75 ===
 Train | Loss: 1.5704 | Acc: 37.37%
 Valid | Loss: 1.4844 | Acc: 43.08%
 Per-class val: {0: 63.333333333333336, 1: 54.13793103448276, 2: 44.94047619047619, 3: 28.783382789317507, 4: 47.003154574132495, 5: 8.13953488372093}
 Time: 170.8s

---------------------------------------------------------------------------
11/04/2026 - 05:08 AM - INFO - ID: a6c11a52-bef5-4720-a859-e08741c528e4
=== Epoch 4/75 ===
 Train | Loss: 1.4886 | Acc: 41.90%
 Valid | Loss: 1.4293 | Acc: 44.71%
 Per-class val: {0: 53.529411764705884, 1: 68.10344827586206, 2: 47.023809523809526, 3: 49.85163204747774, 4: 39.74763406940063, 5: 4.186046511627907}
 Time: 170.8s

---------------------------------------------------------------------------
11/04/2026 - 05:11 AM - INFO - ID: e66882b3-49e2-4290-86f5-497d8f994312
=== Epoch 5/75 ===
 Train | Loss: 1.4213 | Acc: 45.42%
 Valid | Loss: 1.4599 | Acc: 42.02%
 Per-class val: {0: 58.03921568627451, 1: 43.96551724137931, 2: 51.785714285714285, 3: 27.893175074183976, 4: 36.277602523659304, 5: 32.325581395348834}
 Time: 170.8s

---------------------------------------------------------------------------
11/04/2026 - 05:14 AM - INFO - ID: e32ed35e-7653-4181-a3b4-448ec0ddd35c
=== Epoch 6/75 ===
 Train | Loss: 1.3759 | Acc: 47.55%
 Valid | Loss: 1.2932 | Acc: 51.19%
 Per-class val: {0: 28.627450980392158, 1: 75.51724137931035, 2: 73.21428571428571, 3: 41.839762611275965, 4: 52.05047318611987, 5: 33.95348837209303}
 Time: 170.8s

---------------------------------------------------------------------------
11/04/2026 - 05:17 AM - INFO - ID: 5a548e34-a3e4-447b-b536-69f2c5ab401a
=== Epoch 7/75 ===
 Train | Loss: 1.3331 | Acc: 50.14%
 Valid | Loss: 1.2815 | Acc: 52.74%
 Per-class val: {0: 48.23529411764706, 1: 57.06896551724138, 2: 50.0, 3: 35.01483679525222, 4: 66.40378548895899, 5: 48.13953488372093}
 Time: 170.8s

---------------------------------------------------------------------------
11/04/2026 - 05:20 AM - INFO - ID: 8a80a2ea-8496-4a7b-ab9b-80f43788f4f5
=== Epoch 8/75 ===
 Train | Loss: 1.2993 | Acc: 52.04%
 Valid | Loss: 1.3397 | Acc: 51.11%
 Per-class val: {0: 65.49019607843137, 1: 62.58620689655172, 2: 61.01190476190476, 3: 57.566765578635014, 4: 49.05362776025237, 5: 8.837209302325581}
 Time: 170.8s

---------------------------------------------------------------------------
11/04/2026 - 05:23 AM - INFO - ID: 4021c793-e7e2-43e7-9a47-20286269c127
=== Epoch 9/75 ===
 Train | Loss: 1.2647 | Acc: 53.83%
 Valid | Loss: 1.2168 | Acc: 55.25%
 Per-class val: {0: 58.431372549019606, 1: 75.17241379310344, 2: 48.214285714285715, 3: 61.42433234421365, 4: 55.83596214511041, 5: 24.41860465116279}
 Time: 170.8s

---------------------------------------------------------------------------
11/04/2026 - 05:26 AM - INFO - ID: bdc74c1e-6a97-4d04-b28d-c7c19733d0d3
=== Epoch 10/75 ===
 Train | Loss: 1.2400 | Acc: 55.04%
 Valid | Loss: 1.2062 | Acc: 57.76%
 Per-class val: {0: 51.1764705882353, 1: 69.82758620689656, 2: 82.44047619047619, 3: 34.4213649851632, 4: 55.99369085173502, 5: 50.93023255813954}
 Time: 170.8s

---------------------------------------------------------------------------
11/04/2026 - 05:28 AM - INFO - ID: e9616ec0-5fe8-4224-8f11-9164fb5b20fe
=== Epoch 11/75 ===
 Train | Loss: 1.2138 | Acc: 56.53%
 Valid | Loss: 1.1402 | Acc: 59.14%
 Per-class val: {0: 50.588235294117645, 1: 76.55172413793103, 2: 70.83333333333333, 3: 60.53412462908012, 4: 55.83596214511041, 5: 40.46511627906977}
 Time: 170.7s

---------------------------------------------------------------------------
11/04/2026 - 05:31 AM - INFO - ID: 50187bcc-1bc5-4f73-9b83-39e4d5b78e4f
=== Epoch 12/75 ===
 Train | Loss: 1.1816 | Acc: 58.29%
 Valid | Loss: 1.1179 | Acc: 60.81%
 Per-class val: {0: 64.90196078431373, 1: 71.72413793103448, 2: 71.42857142857143, 3: 58.160237388724035, 4: 62.93375394321767, 5: 31.86046511627907}
 Time: 170.8s

---------------------------------------------------------------------------
11/04/2026 - 05:34 AM - INFO - ID: f050cf11-2d4f-4f8e-8bcf-8a3b5a73eb46
=== Epoch 13/75 ===
 Train | Loss: 1.1629 | Acc: 59.24%
 Valid | Loss: 1.1046 | Acc: 62.68%
 Per-class val: {0: 59.80392156862745, 1: 65.86206896551724, 2: 67.26190476190476, 3: 51.632047477744806, 4: 76.65615141955836, 5: 46.27906976744186}
 Time: 170.9s

---------------------------------------------------------------------------
11/04/2026 - 05:37 AM - INFO - ID: 89d46a35-efb3-49a1-9a64-9b20fb491434
=== Epoch 14/75 ===
 Train | Loss: 1.1335 | Acc: 60.32%
 Valid | Loss: 1.0694 | Acc: 63.07%
 Per-class val: {0: 65.68627450980392, 1: 74.82758620689656, 2: 63.392857142857146, 3: 55.489614243323444, 4: 66.8769716088328, 5: 44.18604651162791}
 Time: 171.0s

---------------------------------------------------------------------------
11/04/2026 - 05:40 AM - INFO - ID: a74affe4-e1c2-4285-a6ef-a28fb4236601
=== Epoch 15/75 ===
 Train | Loss: 1.1102 | Acc: 61.61%
 Valid | Loss: 1.0785 | Acc: 63.57%
 Per-class val: {0: 61.96078431372549, 1: 81.72413793103448, 2: 79.16666666666667, 3: 54.896142433234424, 4: 57.09779179810725, 5: 45.116279069767444}
 Time: 171.0s

---------------------------------------------------------------------------
11/04/2026 - 05:43 AM - INFO - ID: 1c8a1b4f-2d76-4a46-9c00-10769b55b1e8
=== Epoch 16/75 ===
 Train | Loss: 1.0838 | Acc: 63.39%
 Valid | Loss: 1.0511 | Acc: 64.17%
 Per-class val: {0: 64.11764705882354, 1: 79.82758620689656, 2: 56.54761904761905, 3: 62.611275964391695, 4: 67.35015772870662, 5: 45.58139534883721}
 Time: 170.8s

---------------------------------------------------------------------------
11/04/2026 - 05:45 AM - INFO - ID: df58b3b6-1696-44fc-9c42-d433f67bf81e
=== Epoch 17/75 ===
 Train | Loss: 1.0605 | Acc: 64.46%
 Valid | Loss: 1.0143 | Acc: 66.43%
 Per-class val: {0: 61.372549019607845, 1: 76.37931034482759, 2: 73.80952380952381, 3: 71.21661721068249, 4: 65.29968454258675, 5: 51.16279069767442}
 Time: 171.1s

---------------------------------------------------------------------------
11/04/2026 - 05:48 AM - INFO - ID: 3d816cdb-4178-477e-b76d-a150781d21f9
=== Epoch 18/75 ===
 Train | Loss: 1.0376 | Acc: 65.07%
 Valid | Loss: 0.9891 | Acc: 66.93%
 Per-class val: {0: 64.11764705882354, 1: 72.93103448275862, 2: 83.63095238095238, 3: 65.57863501483679, 4: 67.82334384858044, 5: 48.83720930232558}
 Time: 171.5s

---------------------------------------------------------------------------
11/04/2026 - 05:51 AM - INFO - ID: 21f956b1-1689-40e0-aa38-7fd4cfc15b42
=== Epoch 19/75 ===
 Train | Loss: 1.0150 | Acc: 66.20%
 Valid | Loss: 1.0074 | Acc: 66.11%
 Per-class val: {0: 64.50980392156863, 1: 76.20689655172414, 2: 83.33333333333333, 3: 63.204747774480715, 4: 68.61198738170347, 5: 39.53488372093023}
 Time: 170.9s

---------------------------------------------------------------------------
11/04/2026 - 05:54 AM - INFO - ID: 38f5a709-f017-4bb0-9ada-2cbf74585680
=== Epoch 20/75 ===
 Train | Loss: 0.9947 | Acc: 67.66%
 Valid | Loss: 1.0030 | Acc: 66.22%
 Per-class val: {0: 63.72549019607843, 1: 55.3448275862069, 2: 79.46428571428571, 3: 63.798219584569736, 4: 79.02208201892745, 5: 56.51162790697674}
 Time: 171.0s

---------------------------------------------------------------------------
11/04/2026 - 05:57 AM - INFO - ID: df2b6a91-01e5-426f-8e12-69f9c988b862
=== Epoch 21/75 ===
 Train | Loss: 0.9751 | Acc: 68.49%
 Valid | Loss: 0.9529 | Acc: 69.76%
 Per-class val: {0: 75.68627450980392, 1: 75.34482758620689, 2: 81.8452380952381, 3: 67.65578635014836, 4: 74.9211356466877, 5: 39.76744186046512}
 Time: 170.8s

---------------------------------------------------------------------------
11/04/2026 - 06:00 AM - INFO - ID: 7d4d5e36-7b6e-4b8d-9bd9-7ddd2a4de65c
=== Epoch 22/75 ===
 Train | Loss: 0.9477 | Acc: 69.56%
 Valid | Loss: 0.9471 | Acc: 69.15%
 Per-class val: {0: 75.29411764705883, 1: 60.51724137931034, 2: 87.79761904761905, 3: 64.98516320474778, 4: 73.65930599369085, 5: 55.58139534883721}
 Time: 170.8s

---------------------------------------------------------------------------
11/04/2026 - 06:03 AM - INFO - ID: b969c3d1-c660-4398-ba53-e544e04abda5
=== Epoch 23/75 ===
 Train | Loss: 0.9226 | Acc: 70.60%
 Valid | Loss: 0.9448 | Acc: 68.77%
 Per-class val: {0: 62.94117647058823, 1: 75.0, 2: 85.71428571428571, 3: 62.31454005934718, 4: 77.60252365930599, 5: 46.04651162790697}
 Time: 170.9s

---------------------------------------------------------------------------
11/04/2026 - 06:05 AM - INFO - ID: 0de7cd7d-5b62-4810-99e5-0fa39cae95db
=== Epoch 24/75 ===
 Train | Loss: 0.9118 | Acc: 71.29%
 Valid | Loss: 0.9186 | Acc: 71.03%
 Per-class val: {0: 75.68627450980392, 1: 70.34482758620689, 2: 80.05952380952381, 3: 84.56973293768546, 4: 67.03470031545741, 5: 54.651162790697676}
 Time: 170.8s

---------------------------------------------------------------------------
11/04/2026 - 06:08 AM - INFO - ID: fb7a8806-274c-4f0c-a8a7-a6a3470d2202
=== Epoch 25/75 ===
 Train | Loss: 0.8898 | Acc: 72.61%
 Valid | Loss: 0.9352 | Acc: 69.83%
 Per-class val: {0: 71.96078431372548, 1: 89.13793103448276, 2: 85.11904761904762, 3: 78.93175074183976, 4: 52.6813880126183, 5: 47.44186046511628}
 Time: 170.7s

---------------------------------------------------------------------------
11/04/2026 - 06:11 AM - INFO - ID: c9bd01e8-4a74-47f7-8e7d-d4dff4ad17f6
=== Epoch 26/75 ===
 Train | Loss: 0.8708 | Acc: 72.99%
 Valid | Loss: 0.9247 | Acc: 71.45%
 Per-class val: {0: 83.33333333333333, 1: 80.17241379310344, 2: 72.32142857142857, 3: 65.8753709198813, 4: 56.624605678233436, 5: 71.16279069767442}
 Time: 170.8s

---------------------------------------------------------------------------
11/04/2026 - 06:14 AM - INFO - ID: 57e21f41-b4d4-422c-856e-95324fa666e3
=== Epoch 27/75 ===
 Train | Loss: 0.8548 | Acc: 73.66%
 Valid | Loss: 0.8298 | Acc: 74.25%
 Per-class val: {0: 79.01960784313725, 1: 79.3103448275862, 2: 67.85714285714286, 3: 73.59050445103857, 4: 66.8769716088328, 5: 78.13953488372093}
 Time: 170.7s

---------------------------------------------------------------------------
11/04/2026 - 06:17 AM - INFO - ID: 0c3231de-c821-4786-a738-30298535347d
=== Epoch 28/75 ===
 Train | Loss: 0.8356 | Acc: 74.33%
 Valid | Loss: 0.8037 | Acc: 76.37%
 Per-class val: {0: 76.66666666666667, 1: 78.62068965517241, 2: 79.46428571428571, 3: 81.89910979228486, 4: 71.45110410094637, 5: 73.48837209302326}
 Time: 170.8s

---------------------------------------------------------------------------
11/04/2026 - 06:20 AM - INFO - ID: 4f864b8c-4a24-4ae6-9738-fd9bd7fb33d8
=== Epoch 29/75 ===
 Train | Loss: 0.8128 | Acc: 75.56%
 Valid | Loss: 0.8391 | Acc: 74.32%
 Per-class val: {0: 74.11764705882354, 1: 69.3103448275862, 2: 69.04761904761905, 3: 78.04154302670624, 4: 76.97160883280758, 5: 78.6046511627907}
 Time: 170.8s

---------------------------------------------------------------------------
11/04/2026 - 06:23 AM - INFO - ID: 58aa56b3-3375-4c97-9127-7a20e9e7eece
=== Epoch 30/75 ===
 Train | Loss: 0.7931 | Acc: 76.66%
 Valid | Loss: 0.8036 | Acc: 76.76%
 Per-class val: {0: 86.27450980392157, 1: 83.10344827586206, 2: 85.11904761904762, 3: 67.35905044510386, 4: 72.39747634069401, 5: 64.18604651162791}
 Time: 170.7s

---------------------------------------------------------------------------
11/04/2026 - 06:25 AM - INFO - ID: fa60958d-4139-4397-9045-b3093aa865bf
=== Epoch 31/75 ===
 Train | Loss: 0.7827 | Acc: 76.72%
 Valid | Loss: 0.7669 | Acc: 78.07%
 Per-class val: {0: 82.54901960784314, 1: 76.03448275862068, 2: 83.03571428571429, 3: 76.8545994065282, 4: 81.70347003154573, 5: 67.20930232558139}
 Time: 170.8s

---------------------------------------------------------------------------
11/04/2026 - 06:28 AM - INFO - ID: ef729852-731a-42ae-8e13-4c63fb3c18c5
=== Epoch 32/75 ===
 Train | Loss: 0.7640 | Acc: 77.81%
 Valid | Loss: 0.7516 | Acc: 78.99%
 Per-class val: {0: 77.84313725490196, 1: 76.55172413793103, 2: 86.9047619047619, 3: 83.0860534124629, 4: 80.7570977917981, 5: 71.62790697674419}
 Time: 170.7s

---------------------------------------------------------------------------
11/04/2026 - 06:31 AM - INFO - ID: 0d18e50c-2a78-4875-a6a7-dfc5183be358
=== Epoch 33/75 ===
 Train | Loss: 0.7399 | Acc: 79.05%
 Valid | Loss: 0.7578 | Acc: 78.07%
 Per-class val: {0: 78.03921568627452, 1: 77.06896551724138, 2: 88.0952380952381, 3: 80.71216617210682, 4: 77.44479495268139, 5: 70.46511627906976}
 Time: 170.7s

---------------------------------------------------------------------------
11/04/2026 - 06:34 AM - INFO - ID: 91e6f025-6925-4a84-839b-c91af6f9cfe6
=== Epoch 34/75 ===
 Train | Loss: 0.7199 | Acc: 79.94%
 Valid | Loss: 0.7376 | Acc: 79.45%
 Per-class val: {0: 80.3921568627451, 1: 84.13793103448276, 2: 81.25, 3: 81.89910979228486, 4: 74.13249211356467, 5: 76.51162790697674}
 Time: 170.6s

---------------------------------------------------------------------------
11/04/2026 - 06:37 AM - INFO - ID: 500788f5-53f9-4c77-be25-5f08465c041c
=== Epoch 35/75 ===
 Train | Loss: 0.7115 | Acc: 80.39%
 Valid | Loss: 0.7283 | Acc: 80.93%
 Per-class val: {0: 85.68627450980392, 1: 85.17241379310344, 2: 89.88095238095238, 3: 75.37091988130564, 4: 75.0788643533123, 5: 75.5813953488372}
 Time: 170.7s

---------------------------------------------------------------------------
11/04/2026 - 06:40 AM - INFO - ID: 72cbfb73-fce8-4a24-ba68-9206730d8a5a
=== Epoch 36/75 ===
 Train | Loss: 0.6884 | Acc: 81.07%
 Valid | Loss: 0.7012 | Acc: 81.78%
 Per-class val: {0: 89.2156862745098, 1: 80.51724137931035, 2: 90.17857142857143, 3: 82.19584569732937, 4: 75.70977917981072, 5: 76.74418604651163}
 Time: 170.9s

---------------------------------------------------------------------------
11/04/2026 - 06:42 AM - INFO - ID: ac57d8a4-57c1-4f36-874e-c11517cd6f49
=== Epoch 37/75 ===
 Train | Loss: 0.6784 | Acc: 81.98%
 Valid | Loss: 0.6735 | Acc: 82.60%
 Per-class val: {0: 86.66666666666667, 1: 78.27586206896552, 2: 92.26190476190476, 3: 82.7893175074184, 4: 82.64984227129338, 5: 75.81395348837209}
 Time: 170.8s

---------------------------------------------------------------------------
11/04/2026 - 06:45 AM - INFO - ID: 64110dad-596a-4af9-a3ad-b000beb1ffe8
=== Epoch 38/75 ===
 Train | Loss: 0.6566 | Acc: 83.33%
 Valid | Loss: 0.6788 | Acc: 83.02%
 Per-class val: {0: 85.29411764705883, 1: 80.51724137931035, 2: 86.9047619047619, 3: 75.96439169139465, 4: 81.86119873817034, 5: 87.90697674418605}
 Time: 170.7s

---------------------------------------------------------------------------
11/04/2026 - 06:48 AM - INFO - ID: 3b62d295-72ec-4f55-b842-327388147496
=== Epoch 39/75 ===
 Train | Loss: 0.6523 | Acc: 83.25%
 Valid | Loss: 0.6441 | Acc: 84.26%
 Per-class val: {0: 82.94117647058823, 1: 89.13793103448276, 2: 94.04761904761905, 3: 87.53709198813057, 4: 74.29022082018928, 5: 83.72093023255815}
 Time: 170.6s

---------------------------------------------------------------------------
11/04/2026 - 06:51 AM - INFO - ID: 40ab30d8-9972-414e-af89-1c0deeb5abb8
=== Epoch 40/75 ===
 Train | Loss: 0.6378 | Acc: 83.93%
 Valid | Loss: 0.6407 | Acc: 84.97%
 Per-class val: {0: 88.03921568627452, 1: 81.03448275862068, 2: 91.36904761904762, 3: 83.97626112759644, 4: 86.75078864353313, 5: 79.76744186046511}
 Time: 170.7s

---------------------------------------------------------------------------
11/04/2026 - 06:54 AM - INFO - ID: 890d1571-0dde-48b4-8dbd-b5cc6f57e2e1
=== Epoch 41/75 ===
 Train | Loss: 0.6234 | Acc: 84.67%
 Valid | Loss: 0.6260 | Acc: 86.03%
 Per-class val: {0: 86.86274509803921, 1: 87.58620689655173, 2: 90.77380952380952, 3: 84.86646884272997, 4: 85.17350157728707, 5: 81.3953488372093}
 Time: 170.8s

---------------------------------------------------------------------------
11/04/2026 - 06:57 AM - INFO - ID: 3d569bc9-29d3-4a50-84e7-41b72c51b88f
=== Epoch 42/75 ===
 Train | Loss: 0.6149 | Acc: 85.23%
 Valid | Loss: 0.6160 | Acc: 85.50%
 Per-class val: {0: 90.98039215686275, 1: 85.86206896551724, 2: 89.88095238095238, 3: 87.53709198813057, 4: 76.81388012618297, 5: 86.27906976744185}
 Time: 170.8s

---------------------------------------------------------------------------
11/04/2026 - 07:00 AM - INFO - ID: d61ea8f3-c694-4683-b70d-9c545a155e0d
=== Epoch 43/75 ===
 Train | Loss: 0.6055 | Acc: 85.33%
 Valid | Loss: 0.6069 | Acc: 86.88%
 Per-class val: {0: 86.86274509803921, 1: 89.3103448275862, 2: 94.94047619047619, 3: 84.56973293768546, 4: 83.4384858044164, 5: 84.18604651162791}
 Time: 170.8s

---------------------------------------------------------------------------
11/04/2026 - 07:02 AM - INFO - ID: 56f56422-198a-4cd8-8390-4f1811cd3345
=== Epoch 44/75 ===
 Train | Loss: 0.5940 | Acc: 85.98%
 Valid | Loss: 0.5791 | Acc: 87.97%
 Per-class val: {0: 93.13725490196079, 1: 87.93103448275862, 2: 91.36904761904762, 3: 88.13056379821958, 4: 84.06940063091483, 5: 84.88372093023256}
 Time: 170.7s

---------------------------------------------------------------------------
11/04/2026 - 07:05 AM - INFO - ID: 7f0c7def-9119-40d4-a261-41682065f35a
=== Epoch 45/75 ===
 Train | Loss: 0.5767 | Acc: 87.06%
 Valid | Loss: 0.5823 | Acc: 87.30%
 Per-class val: {0: 89.01960784313725, 1: 85.34482758620689, 2: 90.47619047619048, 3: 85.7566765578635, 4: 87.53943217665615, 5: 86.27906976744185}
 Time: 170.5s

---------------------------------------------------------------------------
11/04/2026 - 07:08 AM - INFO - ID: 9c87fc9a-043a-45ab-a355-c85a08acefe9
=== Epoch 46/75 ===
 Train | Loss: 0.5707 | Acc: 87.04%
 Valid | Loss: 0.5584 | Acc: 89.28%
 Per-class val: {0: 90.3921568627451, 1: 88.27586206896552, 2: 94.04761904761905, 3: 91.98813056379822, 4: 85.48895899053628, 5: 89.06976744186046}
 Time: 170.6s

---------------------------------------------------------------------------
11/04/2026 - 07:11 AM - INFO - ID: 11f260cb-638b-4c18-b770-1837bf4382fa
=== Epoch 47/75 ===
 Train | Loss: 0.5541 | Acc: 87.95%
 Valid | Loss: 0.5523 | Acc: 89.21%
 Per-class val: {0: 91.37254901960785, 1: 87.93103448275862, 2: 94.94047619047619, 3: 89.61424332344214, 4: 87.53943217665615, 5: 86.04651162790698}
 Time: 170.6s

---------------------------------------------------------------------------
11/04/2026 - 07:14 AM - INFO - ID: aa83bb4e-4197-4117-8ccc-4ed038a9fea3
=== Epoch 48/75 ===
 Train | Loss: 0.5472 | Acc: 88.46%
 Valid | Loss: 0.5365 | Acc: 90.17%
 Per-class val: {0: 93.72549019607843, 1: 92.75862068965517, 2: 95.53571428571429, 3: 89.02077151335311, 4: 84.06940063091483, 5: 88.13953488372093}
 Time: 170.7s

---------------------------------------------------------------------------
11/04/2026 - 07:17 AM - INFO - ID: e7acee43-dad7-41e3-b65e-1aadfce07d96
=== Epoch 49/75 ===
 Train | Loss: 0.5456 | Acc: 88.48%
 Valid | Loss: 0.5400 | Acc: 90.06%
 Per-class val: {0: 95.09803921568627, 1: 87.58620689655173, 2: 94.64285714285714, 3: 92.28486646884274, 4: 88.01261829652996, 5: 85.11627906976744}
 Time: 170.7s

---------------------------------------------------------------------------
11/04/2026 - 07:19 AM - INFO - ID: 26d2e792-30de-4042-89a3-1ca37022af03
=== Epoch 50/75 ===
 Train | Loss: 0.5370 | Acc: 88.85%
 Valid | Loss: 0.5165 | Acc: 91.12%
 Per-class val: {0: 93.52941176470588, 1: 87.75862068965517, 2: 95.53571428571429, 3: 91.69139465875371, 4: 89.43217665615143, 5: 91.3953488372093}
 Time: 170.6s

---------------------------------------------------------------------------
11/04/2026 - 07:22 AM - INFO - ID: 26ef6c82-9c11-4d45-b42e-48a1a7cd853f
=== Epoch 51/75 ===
 Train | Loss: 0.5199 | Acc: 89.55%
 Valid | Loss: 0.5260 | Acc: 90.38%
 Per-class val: {0: 94.50980392156863, 1: 91.03448275862068, 2: 95.23809523809524, 3: 89.31750741839762, 4: 86.90851735015772, 5: 86.74418604651163}
 Time: 170.6s

---------------------------------------------------------------------------
11/04/2026 - 07:25 AM - INFO - ID: 6f293982-fb0a-4e47-9a19-16dddd0bf850
=== Epoch 52/75 ===
 Train | Loss: 0.5107 | Acc: 90.17%
 Valid | Loss: 0.5192 | Acc: 91.51%
 Per-class val: {0: 94.11764705882354, 1: 88.27586206896552, 2: 95.83333333333333, 3: 91.98813056379822, 4: 88.801261829653, 5: 93.02325581395348}
 Time: 170.6s

---------------------------------------------------------------------------
11/04/2026 - 07:28 AM - INFO - ID: b3dba7e4-c6b2-4f81-94df-e648048bd2c4
=== Epoch 53/75 ===
 Train | Loss: 0.5020 | Acc: 90.48%
 Valid | Loss: 0.5185 | Acc: 90.70%
 Per-class val: {0: 93.13725490196079, 1: 93.27586206896552, 2: 95.23809523809524, 3: 92.58160237388724, 4: 85.33123028391167, 5: 87.20930232558139}
 Time: 170.6s

---------------------------------------------------------------------------
11/04/2026 - 07:31 AM - INFO - ID: 983494d8-a2f3-48d1-916e-ce0091f7b8c5
=== Epoch 54/75 ===
 Train | Loss: 0.4939 | Acc: 90.54%
 Valid | Loss: 0.5030 | Acc: 91.97%
 Per-class val: {0: 92.15686274509804, 1: 91.03448275862068, 2: 95.53571428571429, 3: 92.58160237388724, 4: 90.85173501577287, 5: 91.3953488372093}
 Time: 170.5s

---------------------------------------------------------------------------
11/04/2026 - 07:34 AM - INFO - ID: 1a58820c-960d-49ea-8bfa-c7087a711726
=== Epoch 55/75 ===
 Train | Loss: 0.4960 | Acc: 91.17%
 Valid | Loss: 0.5009 | Acc: 92.01%
 Per-class val: {0: 94.90196078431373, 1: 92.75862068965517, 2: 94.64285714285714, 3: 91.69139465875371, 4: 87.53943217665615, 5: 92.32558139534883}
 Time: 170.8s

---------------------------------------------------------------------------
11/04/2026 - 07:36 AM - INFO - ID: 8300803e-7e0b-426c-8f9c-13ebc32edc7b
=== Epoch 56/75 ===
 Train | Loss: 0.4844 | Acc: 91.43%
 Valid | Loss: 0.4908 | Acc: 92.57%
 Per-class val: {0: 94.70588235294117, 1: 94.13793103448276, 2: 96.42857142857143, 3: 91.0979228486647, 4: 87.53943217665615, 5: 93.48837209302326}
 Time: 170.8s

---------------------------------------------------------------------------
11/04/2026 - 07:39 AM - INFO - ID: fdfc833e-7a97-4e4f-a70a-838f03c639c0
=== Epoch 57/75 ===
 Train | Loss: 0.4842 | Acc: 91.50%
 Valid | Loss: 0.4850 | Acc: 92.61%
 Per-class val: {0: 95.09803921568627, 1: 92.58620689655173, 2: 95.53571428571429, 3: 90.80118694362018, 4: 88.9589905362776, 5: 94.18604651162791}
 Time: 170.6s

---------------------------------------------------------------------------
11/04/2026 - 07:42 AM - INFO - ID: e2366ec3-22ec-435a-a55f-7e5713ab9a43
=== Epoch 58/75 ===
 Train | Loss: 0.4747 | Acc: 91.93%
 Valid | Loss: 0.4819 | Acc: 92.96%
 Per-class val: {0: 92.94117647058823, 1: 93.62068965517241, 2: 97.02380952380952, 3: 92.87833827893175, 4: 90.06309148264984, 5: 93.25581395348837}
 Time: 170.6s

---------------------------------------------------------------------------
11/04/2026 - 07:45 AM - INFO - ID: dd16c49f-b629-4217-9191-e6b0fc3e5645
=== Epoch 59/75 ===
 Train | Loss: 0.4703 | Acc: 92.14%
 Valid | Loss: 0.4833 | Acc: 92.68%
 Per-class val: {0: 94.90196078431373, 1: 90.34482758620689, 2: 95.53571428571429, 3: 93.17507418397626, 4: 91.16719242902208, 5: 92.79069767441861}
 Time: 170.6s

---------------------------------------------------------------------------
11/04/2026 - 07:48 AM - INFO - ID: 048059fa-bda9-4532-88ee-8155ca4a1d22
=== Epoch 60/75 ===
 Train | Loss: 0.4703 | Acc: 92.01%
 Valid | Loss: 0.4693 | Acc: 93.53%
 Per-class val: {0: 95.09803921568627, 1: 93.79310344827586, 2: 95.53571428571429, 3: 93.76854599406528, 4: 90.22082018927445, 5: 94.4186046511628}
 Time: 170.6s

---------------------------------------------------------------------------
11/04/2026 - 07:51 AM - INFO - ID: 053316cd-8ef6-412b-86a7-c9ccccf0ff28
=== Epoch 61/75 ===
 Train | Loss: 0.4601 | Acc: 92.59%
 Valid | Loss: 0.4664 | Acc: 93.46%
 Per-class val: {0: 95.49019607843137, 1: 94.48275862068965, 2: 96.42857142857143, 3: 93.17507418397626, 4: 89.43217665615143, 5: 93.48837209302326}
 Time: 170.6s

---------------------------------------------------------------------------
11/04/2026 - 07:54 AM - INFO - ID: 3b414adb-b3c9-4a61-bcfd-4f9d58038724
=== Epoch 62/75 ===
 Train | Loss: 0.4570 | Acc: 92.64%
 Valid | Loss: 0.4608 | Acc: 93.63%
 Per-class val: {0: 95.49019607843137, 1: 91.55172413793103, 2: 97.02380952380952, 3: 94.3620178041543, 4: 92.11356466876971, 5: 93.25581395348837}
 Time: 170.7s

---------------------------------------------------------------------------
11/04/2026 - 07:56 AM - INFO - ID: 0b79661d-b917-48c0-985a-3edb23520f43
=== Epoch 63/75 ===
 Train | Loss: 0.4519 | Acc: 92.80%
 Valid | Loss: 0.4643 | Acc: 93.14%
 Per-class val: {0: 95.68627450980392, 1: 91.72413793103448, 2: 96.13095238095238, 3: 93.17507418397626, 4: 90.69400630914826, 5: 93.25581395348837}
 Time: 170.7s

---------------------------------------------------------------------------
11/04/2026 - 07:59 AM - INFO - ID: 5f0473fc-c351-4917-9968-3357e2d6d0a0
=== Epoch 64/75 ===
 Train | Loss: 0.4546 | Acc: 92.87%
 Valid | Loss: 0.4633 | Acc: 93.56%
 Per-class val: {0: 95.49019607843137, 1: 93.96551724137932, 2: 96.72619047619048, 3: 93.76854599406528, 4: 90.37854889589906, 5: 92.79069767441861}
 Time: 172.7s

---------------------------------------------------------------------------
11/04/2026 - 08:02 AM - INFO - ID: c07fcbb8-4afb-464e-b5c7-83112438ea3f
=== Epoch 65/75 ===
 Train | Loss: 0.4494 | Acc: 93.15%
 Valid | Loss: 0.4628 | Acc: 93.88%
 Per-class val: {0: 94.70588235294117, 1: 96.55172413793103, 2: 97.02380952380952, 3: 93.76854599406528, 4: 89.27444794952682, 5: 93.72093023255815}
 Time: 170.8s

---------------------------------------------------------------------------
11/04/2026 - 08:05 AM - INFO - ID: 26045c27-2916-4b62-bddb-10d626ef6aab
=== Epoch 66/75 ===
 Train | Loss: 0.4425 | Acc: 93.39%
 Valid | Loss: 0.4663 | Acc: 93.53%
 Per-class val: {0: 95.49019607843137, 1: 96.55172413793103, 2: 96.42857142857143, 3: 93.76854599406528, 4: 87.06624605678233, 5: 94.18604651162791}
 Time: 170.7s

---------------------------------------------------------------------------
11/04/2026 - 08:08 AM - INFO - ID: 3ef56e9a-92ff-4ce9-b64c-cf09e4e29013
=== Epoch 67/75 ===
 Train | Loss: 0.4460 | Acc: 93.18%
 Valid | Loss: 0.4595 | Acc: 93.70%
 Per-class val: {0: 95.88235294117646, 1: 93.27586206896552, 2: 96.72619047619048, 3: 93.47181008902078, 4: 91.16719242902208, 5: 93.25581395348837}
 Time: 170.7s

---------------------------------------------------------------------------
11/04/2026 - 08:11 AM - INFO - ID: ef97fd2c-26df-4397-a977-1feea827ea55
=== Epoch 68/75 ===
 Train | Loss: 0.4346 | Acc: 93.98%
 Valid | Loss: 0.4575 | Acc: 93.67%
 Per-class val: {0: 96.86274509803921, 1: 92.06896551724138, 2: 96.13095238095238, 3: 92.28486646884274, 4: 92.27129337539432, 5: 93.25581395348837}
 Time: 170.6s

---------------------------------------------------------------------------
11/04/2026 - 08:14 AM - INFO - ID: 91188290-99d6-44fa-8c23-00af07315c6f
=== Epoch 69/75 ===
 Train | Loss: 0.4365 | Acc: 93.89%
 Valid | Loss: 0.4573 | Acc: 93.81%
 Per-class val: {0: 95.09803921568627, 1: 94.48275862068965, 2: 97.32142857142857, 3: 94.65875370919882, 4: 89.58990536277602, 5: 94.18604651162791}
 Time: 170.5s

---------------------------------------------------------------------------
11/04/2026 - 08:16 AM - INFO - ID: 91f1c6b3-94ac-43ef-8515-83d9eb2f62f2
=== Epoch 70/75 ===
 Train | Loss: 0.4393 | Acc: 93.21%
 Valid | Loss: 0.4530 | Acc: 94.13%
 Per-class val: {0: 95.68627450980392, 1: 94.13793103448276, 2: 97.02380952380952, 3: 92.28486646884274, 4: 91.7981072555205, 5: 94.88372093023256}
 Time: 170.5s

---------------------------------------------------------------------------
11/04/2026 - 08:19 AM - INFO - ID: 7e02682c-fb5e-4777-9733-f4363d5f5753
=== Epoch 71/75 ===
 Train | Loss: 0.4410 | Acc: 93.63%
 Valid | Loss: 0.4562 | Acc: 93.99%
 Per-class val: {0: 95.29411764705883, 1: 93.62068965517241, 2: 97.02380952380952, 3: 91.98813056379822, 4: 91.7981072555205, 5: 95.34883720930233}
 Time: 170.6s

---------------------------------------------------------------------------
11/04/2026 - 08:22 AM - INFO - ID: 04c35c1c-d519-4548-ac02-063666e16f9e
=== Epoch 72/75 ===
 Train | Loss: 0.4335 | Acc: 94.09%
 Valid | Loss: 0.4525 | Acc: 94.09%
 Per-class val: {0: 95.88235294117646, 1: 94.13793103448276, 2: 96.72619047619048, 3: 94.06528189910979, 4: 90.85173501577287, 5: 94.65116279069767}
 Time: 170.4s

---------------------------------------------------------------------------
11/04/2026 - 08:25 AM - INFO - ID: 0b7c6cdc-b278-4fc8-bc0d-57dbfbb87933
=== Epoch 73/75 ===
 Train | Loss: 0.4275 | Acc: 94.10%
 Valid | Loss: 0.4567 | Acc: 93.92%
 Per-class val: {0: 96.07843137254902, 1: 93.96551724137932, 2: 97.32142857142857, 3: 94.65875370919882, 4: 89.58990536277602, 5: 94.4186046511628}
 Time: 170.6s

---------------------------------------------------------------------------
11/04/2026 - 08:28 AM - INFO - ID: 137eb50e-760a-4fb3-8b59-dbe11f14745c
=== Epoch 74/75 ===
 Train | Loss: 0.4422 | Acc: 93.58%
 Valid | Loss: 0.4525 | Acc: 94.06%
 Per-class val: {0: 96.07843137254902, 1: 93.96551724137932, 2: 97.32142857142857, 3: 92.28486646884274, 4: 91.16719242902208, 5: 94.88372093023256}
 Time: 170.8s

---------------------------------------------------------------------------
11/04/2026 - 08:31 AM - INFO - ID: 5145614a-0a87-43ad-9acc-1a22bf930aee
=== Epoch 75/75 ===
 Train | Loss: 0.4353 | Acc: 93.70%
 Valid | Loss: 0.4577 | Acc: 93.60%
 Per-class val: {0: 96.27450980392157, 1: 91.37931034482759, 2: 97.32142857142857, 3: 94.06528189910979, 4: 91.7981072555205, 5: 92.79069767441861}
 Time: 170.6s

---------------------------------------------------------------------------
11/04/2026 - 08:31 AM - INFO - ID: c6732d4f-5069-49fa-8a3a-2d663f37cfa6
Clean test | Loss: 0.4528 | Acc: 93.47%
---------------------------------------------------------------------------
11/04/2026 - 08:31 AM - INFO - ID: 4bf35a65-a248-4f2e-b256-97cd4908a53f
Detailed Metrics:
              precision    recall  f1-score   support

 Deformation       0.94      0.94      0.94       510
  Deposition       0.93      0.93      0.93       582
  Disconnect       0.93      0.98      0.96       336
Misalignment       0.95      0.94      0.94       338
    Obstacle       0.94      0.90      0.92       635
     Rupture       0.93      0.95      0.94       432

    accuracy                           0.93      2833
   macro avg       0.94      0.94      0.94      2833
weighted avg       0.93      0.93      0.93      2833
