====================================================
 HYBRID QNN-GPU BEGINS TRAINING
====================================================
----------------------------------------------------
Epochs: 75
Batch Size: 16
Learning Rate: 0.0005
Quantum LR Mult: 3.5
N-Qubits: 6
Q-Depth: 2
PyTorch Device: cuda
Checkpoint: models/qnn_gpu.pth
====================================================

============================================= HYBRID QNN-GPU BEGINS TRAINING
=============================================
No resume checkpoint found — starting fresh.


Quantum grad mean (epoch 1, batch 1): 0.01517497
Curriculum noise: 0.0000
Aux weight: 0.0500

=== Epoch 1/75 ===
 Train | Loss: 1.8736 | Acc: 24.17%
 Valid | Loss: 1.7059 | Acc: 31.23%
 Per-class: {0: 42.35294117647059, 1: 64.48275862068965, 2: 8.928571428571429, 3: 60.53412462908012, 4: 9.305993690851736, 5: 0.0}
 Time: 2335.4s

Saved best val 31.23% → models/qnn_gpu.pth
=== Epoch 2/75 ===
 Train | Loss: 1.7871 | Acc: 29.52%
 Valid | Loss: 2.1368 | Acc: 21.58%
 Per-class: {0: 86.07843137254902, 1: 10.172413793103448, 2: 15.773809523809524, 3: 10.682492581602373, 4: 2.8391167192429023, 5: 1.1627906976744187}
 Time: 2323.1s

=== Epoch 3/75 ===
 Train | Loss: 1.7258 | Acc: 33.88%
 Valid | Loss: 1.5269 | Acc: 37.14%
 Per-class: {0: 11.96078431372549, 1: 28.79310344827586, 2: 28.273809523809526, 3: 53.11572700296736, 4: 69.08517350157729, 5: 25.58139534883721}
 Time: 2419.1s

Saved best val 37.14% → models/qnn_gpu.pth
=== Epoch 4/75 ===
 Train | Loss: 1.6457 | Acc: 39.17%
 Valid | Loss: 1.4369 | Acc: 43.72%
 Per-class: {0: 26.666666666666668, 1: 70.34482758620689, 2: 37.5, 3: 44.80712166172107, 4: 55.678233438485805, 5: 14.418604651162791}
 Time: 2430.3s

Saved best val 43.72% → models/qnn_gpu.pth
=== Epoch 5/75 ===
 Train | Loss: 1.5802 | Acc: 42.57%
 Valid | Loss: 1.4004 | Acc: 45.21%
 Per-class: {0: 27.647058823529413, 1: 45.689655172413794, 2: 63.392857142857146, 3: 39.76261127596439, 4: 63.8801261829653, 5: 27.906976744186046}
 Time: 2436.5s

Saved best val 45.21% → models/qnn_gpu.pth
=== Epoch 6/75 ===
 Train | Loss: 1.5357 | Acc: 45.04%
 Valid | Loss: 1.3859 | Acc: 47.58%
 Per-class: {0: 49.6078431372549, 1: 57.93103448275862, 2: 67.85714285714286, 3: 50.445103857566764, 4: 43.217665615141954, 5: 19.53488372093023}
 Time: 2438.1s

Saved best val 47.58% → models/qnn_gpu.pth
=== Epoch 7/75 ===
 Train | Loss: 1.4920 | Acc: 48.27%
 Valid | Loss: 1.3163 | Acc: 50.76%
 Per-class: {0: 28.235294117647058, 1: 58.10344827586207, 2: 69.04761904761905, 3: 56.97329376854599, 4: 51.10410094637224, 5: 47.906976744186046}
 Time: 2386.0s

Saved best val 50.76% → models/qnn_gpu.pth
=== Epoch 8/75 ===
 Train | Loss: 1.4574 | Acc: 49.97%
 Valid | Loss: 1.3108 | Acc: 50.62%
 Per-class: {0: 71.96078431372548, 1: 66.89655172413794, 2: 43.154761904761905, 3: 41.246290801186944, 4: 45.110410094637224, 5: 24.651162790697676}
 Time: 2291.0s

=== Epoch 9/75 ===
 Train | Loss: 1.4151 | Acc: 52.48%
 Valid | Loss: 1.3628 | Acc: 49.31%
 Per-class: {0: 31.568627450980394, 1: 45.51724137931034, 2: 68.45238095238095, 3: 66.46884272997033, 4: 56.94006309148265, 5: 35.81395348837209}
 Time: 2285.4s

=== Epoch 10/75 ===
 Train | Loss: 1.3982 | Acc: 53.81%
 Valid | Loss: 1.1975 | Acc: 57.20%
 Per-class: {0: 52.94117647058823, 1: 68.62068965517241, 2: 77.38095238095238, 3: 36.49851632047478, 4: 66.8769716088328, 5: 33.02325581395349}
 Time: 2286.8s

Saved best val 57.20% → models/qnn_gpu.pth
=== Epoch 11/75 ===
 Train | Loss: 1.3689 | Acc: 55.98%
 Valid | Loss: 1.2032 | Acc: 57.76%
 Per-class: {0: 72.94117647058823, 1: 77.41379310344827, 2: 74.10714285714286, 3: 45.99406528189911, 4: 52.05047318611987, 5: 18.13953488372093}
 Time: 2306.0s

Saved best val 57.76% → models/qnn_gpu.pth
=== Epoch 12/75 ===
 Train | Loss: 1.3298 | Acc: 58.07%
 Valid | Loss: 1.1338 | Acc: 61.37%
 Per-class: {0: 71.56862745098039, 1: 69.82758620689656, 2: 77.97619047619048, 3: 45.6973293768546, 4: 56.624605678233436, 5: 44.18604651162791}
 Time: 2292.1s

Saved best val 61.37% → models/qnn_gpu.pth
=== Epoch 13/75 ===
 Train | Loss: 1.3174 | Acc: 58.86%
 Valid | Loss: 1.1065 | Acc: 62.36%
 Per-class: {0: 60.3921568627451, 1: 75.6896551724138, 2: 72.61904761904762, 3: 46.88427299703264, 4: 64.98422712933754, 5: 46.97674418604651}
 Time: 2295.7s

Saved best val 62.36% → models/qnn_gpu.pth
=== Epoch 14/75 ===
 Train | Loss: 1.2861 | Acc: 60.27%
 Valid | Loss: 1.0714 | Acc: 63.67%
 Per-class: {0: 68.82352941176471, 1: 69.65517241379311, 2: 77.38095238095238, 3: 59.05044510385757, 4: 66.08832807570978, 5: 38.83720930232558}
 Time: 2313.3s

Saved best val 63.67% → models/qnn_gpu.pth
=== Epoch 15/75 ===
 Train | Loss: 1.2640 | Acc: 61.45%
 Valid | Loss: 1.0614 | Acc: 63.53%
 Per-class: {0: 69.2156862745098, 1: 77.06896551724138, 2: 71.42857142857143, 3: 65.28189910979229, 4: 63.564668769716086, 5: 30.930232558139537}
 Time: 2293.5s

=== Epoch 16/75 ===
 Train | Loss: 1.2442 | Acc: 63.21%
 Valid | Loss: 1.0450 | Acc: 64.87%
 Per-class: {0: 73.72549019607843, 1: 83.27586206896552, 2: 75.0, 3: 51.038575667655785, 4: 55.83596214511041, 5: 45.81395348837209}
 Time: 2302.8s

Saved best val 64.87% → models/qnn_gpu.pth
=== Epoch 17/75 ===
 Train | Loss: 1.2247 | Acc: 64.57%
 Valid | Loss: 1.0619 | Acc: 64.41%
 Per-class: {0: 57.84313725490196, 1: 71.72413793103448, 2: 82.73809523809524, 3: 63.50148367952522, 4: 61.98738170347003, 5: 52.325581395348834}
 Time: 2309.5s

=== Epoch 18/75 ===
 Train | Loss: 1.2006 | Acc: 65.39%
 Valid | Loss: 1.0146 | Acc: 65.90%
 Per-class: {0: 69.2156862745098, 1: 87.06896551724138, 2: 80.35714285714286, 3: 62.611275964391695, 4: 55.20504731861199, 5: 40.46511627906977}
 Time: 2309.7s

Saved best val 65.90% → models/qnn_gpu.pth
=== Epoch 19/75 ===
 Train | Loss: 1.1853 | Acc: 66.53%
 Valid | Loss: 0.9959 | Acc: 67.28%
 Per-class: {0: 71.17647058823529, 1: 76.03448275862068, 2: 79.46428571428571, 3: 66.76557863501483, 4: 57.570977917981075, 5: 56.04651162790697}
 Time: 2293.2s

Saved best val 67.28% → models/qnn_gpu.pth
=== Epoch 20/75 ===
 Train | Loss: 1.1683 | Acc: 67.32%
 Valid | Loss: 0.9153 | Acc: 71.03%
 Per-class: {0: 70.0, 1: 74.65517241379311, 2: 77.97619047619048, 3: 70.32640949554896, 4: 72.08201892744479, 5: 60.93023255813954}
 Time: 2294.1s

Saved best val 71.03% → models/qnn_gpu.pth
=== Epoch 21/75 ===
 Train | Loss: 1.1509 | Acc: 68.41%
 Valid | Loss: 0.9395 | Acc: 70.18%
 Per-class: {0: 70.58823529411765, 1: 68.10344827586206, 2: 74.70238095238095, 3: 70.62314540059347, 4: 77.60252365930599, 5: 57.674418604651166}
 Time: 2284.3s

=== Epoch 22/75 ===
 Train | Loss: 1.1225 | Acc: 69.54%
 Valid | Loss: 0.9014 | Acc: 71.28%
 Per-class: {0: 68.23529411764706, 1: 77.06896551724138, 2: 82.44047619047619, 3: 70.32640949554896, 4: 72.71293375394322, 5: 56.97674418604651}
 Time: 2285.5s

Saved best val 71.28% → models/qnn_gpu.pth
=== Epoch 23/75 ===
 Train | Loss: 1.0956 | Acc: 71.63%
 Valid | Loss: 0.8947 | Acc: 71.14%
 Per-class: {0: 75.29411764705883, 1: 73.79310344827586, 2: 66.66666666666667, 3: 66.46884272997033, 4: 76.49842271293376, 5: 61.86046511627907}
 Time: 2287.4s

=== Epoch 24/75 ===
 Train | Loss: 1.0862 | Acc: 71.55%
 Valid | Loss: 0.9246 | Acc: 70.57%
 Per-class: {0: 70.7843137254902, 1: 70.17241379310344, 2: 87.79761904761905, 3: 66.17210682492582, 4: 69.2429022082019, 5: 62.7906976744186}
 Time: 2212.8s

=== Epoch 25/75 ===
 Train | Loss: 1.0634 | Acc: 73.15%
 Valid | Loss: 0.8910 | Acc: 71.63%
 Per-class: {0: 80.19607843137256, 1: 66.37931034482759, 2: 85.11904761904762, 3: 68.5459940652819, 4: 69.87381703470031, 5: 63.02325581395349}
 Time: 2182.8s

Saved best val 71.63% → models/qnn_gpu.pth
=== Epoch 26/75 ===
 Train | Loss: 1.0533 | Acc: 74.26%
 Valid | Loss: 0.8427 | Acc: 73.29%
 Per-class: {0: 77.84313725490196, 1: 83.79310344827586, 2: 77.67857142857143, 3: 72.70029673590504, 4: 65.61514195583597, 5: 62.093023255813954}
 Time: 2182.8s

Saved best val 73.29% → models/qnn_gpu.pth
=== Epoch 27/75 ===
 Train | Loss: 1.0273 | Acc: 75.20%
 Valid | Loss: 0.8213 | Acc: 75.63%
 Per-class: {0: 78.43137254901961, 1: 81.89655172413794, 2: 82.44047619047619, 3: 80.41543026706232, 4: 67.98107255520505, 5: 66.04651162790698}
 Time: 2188.7s

Saved best val 75.63% → models/qnn_gpu.pth
=== Epoch 28/75 ===
 Train | Loss: 1.0136 | Acc: 76.00%
 Valid | Loss: 0.7677 | Acc: 78.53%
 Per-class: {0: 86.86274509803921, 1: 86.37931034482759, 2: 88.39285714285714, 3: 78.04154302670624, 4: 66.08832807570978, 5: 69.06976744186046}
 Time: 2187.8s

Saved best val 78.53% → models/qnn_gpu.pth
=== Epoch 29/75 ===
 Train | Loss: 0.9926 | Acc: 77.20%
 Valid | Loss: 0.7519 | Acc: 78.99%
 Per-class: {0: 82.54901960784314, 1: 74.3103448275862, 2: 90.77380952380952, 3: 75.96439169139465, 4: 79.17981072555204, 5: 73.95348837209302}
 Time: 2272.1s

Saved best val 78.99% → models/qnn_gpu.pth
=== Epoch 30/75 ===
 Train | Loss: 0.9711 | Acc: 78.19%
 Valid | Loss: 0.7396 | Acc: 79.45%
 Per-class: {0: 82.94117647058823, 1: 83.79310344827586, 2: 88.69047619047619, 3: 80.41543026706232, 4: 73.34384858044164, 5: 70.46511627906976}
 Time: 2241.3s

Saved best val 79.45% → models/qnn_gpu.pth
=== Epoch 31/75 ===
 Train | Loss: 0.9494 | Acc: 79.41%
 Valid | Loss: 0.8096 | Acc: 76.26%
 Per-class: {0: 75.09803921568627, 1: 76.72413793103448, 2: 93.75, 3: 73.29376854599407, 4: 73.02839116719242, 5: 70.46511627906976}
 Time: 2185.7s

=== Epoch 32/75 ===
 Train | Loss: 0.9375 | Acc: 79.88%
 Valid | Loss: 0.7237 | Acc: 80.30%
 Per-class: {0: 88.82352941176471, 1: 74.13793103448276, 2: 86.01190476190476, 3: 79.52522255192878, 4: 81.54574132492114, 5: 72.79069767441861}
 Time: 2186.2s

Saved best val 80.30% → models/qnn_gpu.pth
=== Epoch 33/75 ===
 Train | Loss: 0.9256 | Acc: 80.93%
 Valid | Loss: 0.6934 | Acc: 82.10%
 Per-class: {0: 82.54901960784314, 1: 81.55172413793103, 2: 91.96428571428571, 3: 79.52522255192878, 4: 78.86435331230284, 5: 81.3953488372093}
 Time: 2257.8s

Saved best val 82.10% → models/qnn_gpu.pth
=== Epoch 34/75 ===
 Train | Loss: 0.9072 | Acc: 82.29%
 Valid | Loss: 0.6566 | Acc: 83.48%
 Per-class: {0: 85.29411764705883, 1: 83.44827586206897, 2: 91.07142857142857, 3: 87.53709198813057, 4: 80.12618296529969, 5: 77.20930232558139}
 Time: 2217.7s

Saved best val 83.48% → models/qnn_gpu.pth
=== Epoch 35/75 ===
 Train | Loss: 0.8879 | Acc: 83.30%
 Valid | Loss: 0.6556 | Acc: 83.23%
 Per-class: {0: 88.03921568627452, 1: 81.55172413793103, 2: 91.07142857142857, 3: 83.97626112759644, 4: 80.5993690851735, 5: 76.97674418604652}
 Time: 2270.3s

=== Epoch 36/75 ===
 Train | Loss: 0.8761 | Acc: 83.29%
 Valid | Loss: 0.7421 | Acc: 79.63%
 Per-class: {0: 84.90196078431373, 1: 84.82758620689656, 2: 96.13095238095238, 3: 81.30563798219585, 4: 66.71924290220821, 5: 71.16279069767442}
 Time: 2191.1s

=== Epoch 37/75 ===
 Train | Loss: 0.8609 | Acc: 84.42%
 Valid | Loss: 0.6238 | Acc: 85.99%
 Per-class: {0: 85.29411764705883, 1: 88.96551724137932, 2: 93.45238095238095, 3: 83.97626112759644, 4: 81.07255520504732, 5: 85.81395348837209}
 Time: 2268.9s

Saved best val 85.99% → models/qnn_gpu.pth
=== Epoch 38/75 ===
 Train | Loss: 0.8546 | Acc: 84.81%
 Valid | Loss: 0.6202 | Acc: 85.46%
 Per-class: {0: 84.90196078431373, 1: 83.27586206896552, 2: 88.98809523809524, 3: 85.45994065281899, 4: 84.06940063091483, 5: 88.37209302325581}
 Time: 2313.9s

=== Epoch 39/75 ===
 Train | Loss: 0.8407 | Acc: 85.86%
 Valid | Loss: 0.5923 | Acc: 86.84%
 Per-class: {0: 88.03921568627452, 1: 89.65517241379311, 2: 93.75, 3: 85.7566765578635, 4: 79.96845425867508, 5: 87.20930232558139}
 Time: 2274.8s

Saved best val 86.84% → models/qnn_gpu.pth
=== Epoch 40/75 ===
 Train | Loss: 0.8202 | Acc: 86.53%
 Valid | Loss: 0.6050 | Acc: 85.57%
 Per-class: {0: 85.88235294117646, 1: 86.72413793103448, 2: 92.85714285714286, 3: 87.83382789317507, 4: 84.22712933753944, 5: 78.13953488372093}
 Time: 2299.4s

=== Epoch 41/75 ===
 Train | Loss: 0.8065 | Acc: 87.55%
 Valid | Loss: 0.5828 | Acc: 86.95%
 Per-class: {0: 88.23529411764706, 1: 88.79310344827586, 2: 94.3452380952381, 3: 89.61424332344214, 4: 78.86435331230284, 5: 86.97674418604652}
 Time: 2318.6s

Saved best val 86.95% → models/qnn_gpu.pth
=== Epoch 42/75 ===
 Train | Loss: 0.8030 | Acc: 88.11%
 Valid | Loss: 0.5979 | Acc: 86.13%
 Per-class: {0: 88.82352941176471, 1: 92.58620689655173, 2: 90.77380952380952, 3: 86.64688427299703, 4: 77.12933753943217, 5: 83.48837209302326}
 Time: 2358.6s

=== Epoch 43/75 ===
 Train | Loss: 0.8010 | Acc: 88.33%
 Valid | Loss: 0.5597 | Acc: 88.36%
 Per-class: {0: 88.82352941176471, 1: 88.79310344827586, 2: 94.04761904761905, 3: 88.72403560830861, 4: 84.06940063091483, 5: 88.83720930232558}
 Time: 2429.8s

Saved best val 88.36% → models/qnn_gpu.pth
=== Epoch 44/75 ===
 Train | Loss: 0.7805 | Acc: 89.27%
 Valid | Loss: 0.5515 | Acc: 88.79%
 Per-class: {0: 89.41176470588235, 1: 85.51724137931035, 2: 92.55952380952381, 3: 88.4272997032641, 4: 90.22082018927445, 5: 87.67441860465117}
 Time: 2438.6s

Saved best val 88.79% → models/qnn_gpu.pth
=== Epoch 45/75 ===
 Train | Loss: 0.7794 | Acc: 89.53%
 Valid | Loss: 0.5397 | Acc: 89.32%
 Per-class: {0: 91.37254901960785, 1: 82.75862068965517, 2: 96.72619047619048, 3: 91.69139465875371, 4: 90.69400630914826, 5: 86.04651162790698}
 Time: 2355.9s

Saved best val 89.32% → models/qnn_gpu.pth
=== Epoch 46/75 ===
 Train | Loss: 0.7697 | Acc: 90.17%
 Valid | Loss: 0.5281 | Acc: 90.66%
 Per-class: {0: 89.80392156862744, 1: 90.17241379310344, 2: 94.94047619047619, 3: 92.58160237388724, 4: 86.90851735015772, 5: 93.02325581395348}
 Time: 2352.0s

Saved best val 90.66% → models/qnn_gpu.pth
=== Epoch 47/75 ===
 Train | Loss: 0.7581 | Acc: 90.39%
 Valid | Loss: 0.5235 | Acc: 89.64%
 Per-class: {0: 92.74509803921569, 1: 91.55172413793103, 2: 94.94047619047619, 3: 89.02077151335311, 4: 83.28075709779179, 5: 89.06976744186046}
 Time: 2346.9s

=== Epoch 48/75 ===
 Train | Loss: 0.7497 | Acc: 91.17%
 Valid | Loss: 0.5059 | Acc: 90.94%
 Per-class: {0: 92.54901960784314, 1: 90.6896551724138, 2: 94.3452380952381, 3: 91.3946587537092, 4: 87.53943217665615, 5: 91.3953488372093}
 Time: 2351.7s

Saved best val 90.94% → models/qnn_gpu.pth
=== Epoch 49/75 ===
 Train | Loss: 0.7467 | Acc: 91.38%
 Valid | Loss: 0.5004 | Acc: 91.51%
 Per-class: {0: 91.76470588235294, 1: 91.55172413793103, 2: 94.64285714285714, 3: 91.69139465875371, 4: 87.22397476340694, 5: 94.88372093023256}
 Time: 2350.3s

Saved best val 91.51% → models/qnn_gpu.pth
=== Epoch 50/75 ===
 Train | Loss: 0.7428 | Acc: 91.73%
 Valid | Loss: 0.4844 | Acc: 92.11%
 Per-class: {0: 94.11764705882354, 1: 92.58620689655173, 2: 96.13095238095238, 3: 92.28486646884274, 4: 89.27444794952682, 5: 90.0}
 Time: 2356.6s

Saved best val 92.11% → models/qnn_gpu.pth
=== Epoch 51/75 ===
 Train | Loss: 0.7351 | Acc: 92.05%
 Valid | Loss: 0.4705 | Acc: 92.01%
 Per-class: {0: 91.56862745098039, 1: 93.62068965517241, 2: 96.72619047619048, 3: 91.0979228486647, 4: 89.58990536277602, 5: 90.93023255813954}
 Time: 2341.7s

=== Epoch 52/75 ===
 Train | Loss: 0.7306 | Acc: 92.52%
 Valid | Loss: 0.4776 | Acc: 92.08%
 Per-class: {0: 90.98039215686275, 1: 91.20689655172414, 2: 94.94047619047619, 3: 93.17507418397626, 4: 89.74763406940063, 5: 94.88372093023256}
 Time: 2345.9s

=== Epoch 53/75 ===
 Train | Loss: 0.7251 | Acc: 92.78%
 Valid | Loss: 0.4706 | Acc: 92.43%
 Per-class: {0: 94.90196078431373, 1: 93.44827586206897, 2: 96.13095238095238, 3: 90.80118694362018, 4: 88.01261829652996, 5: 93.02325581395348}
 Time: 2350.0s

Saved best val 92.43% → models/qnn_gpu.pth
=== Epoch 54/75 ===
 Train | Loss: 0.7275 | Acc: 92.84%
 Valid | Loss: 0.4518 | Acc: 93.49%
 Per-class: {0: 94.90196078431373, 1: 93.44827586206897, 2: 96.13095238095238, 3: 93.17507418397626, 4: 91.00946372239747, 5: 93.72093023255815}
 Time: 2342.5s

Saved best val 93.49% → models/qnn_gpu.pth
=== Epoch 55/75 ===
 Train | Loss: 0.7157 | Acc: 93.39%
 Valid | Loss: 0.4483 | Acc: 93.70%
 Per-class: {0: 95.29411764705883, 1: 96.55172413793103, 2: 95.53571428571429, 3: 94.06528189910979, 4: 90.06309148264984, 5: 91.62790697674419}
 Time: 2352.1s

Saved best val 93.70% → models/qnn_gpu.pth
=== Epoch 56/75 ===
 Train | Loss: 0.7135 | Acc: 93.84%
 Valid | Loss: 0.4518 | Acc: 93.95%
 Per-class: {0: 93.33333333333333, 1: 96.03448275862068, 2: 97.02380952380952, 3: 94.3620178041543, 4: 89.74763406940063, 5: 95.34883720930233}
 Time: 2360.7s

Saved best val 93.95% → models/qnn_gpu.pth
=== Epoch 57/75 ===
 Train | Loss: 0.7078 | Acc: 93.74%
 Valid | Loss: 0.4468 | Acc: 93.49%
 Per-class: {0: 94.50980392156863, 1: 93.27586206896552, 2: 95.83333333333333, 3: 92.58160237388724, 4: 90.69400630914826, 5: 95.5813953488372}
 Time: 2354.7s

=== Epoch 58/75 ===
 Train | Loss: 0.7144 | Acc: 93.99%
 Valid | Loss: 0.4429 | Acc: 93.74%
 Per-class: {0: 95.09803921568627, 1: 91.37931034482759, 2: 95.53571428571429, 3: 95.54896142433235, 4: 92.11356466876971, 5: 94.88372093023256}
 Time: 2357.3s

=== Epoch 59/75 ===
 Train | Loss: 0.7099 | Acc: 94.15%
 Valid | Loss: 0.4382 | Acc: 94.38%
 Per-class: {0: 96.47058823529412, 1: 93.62068965517241, 2: 96.42857142857143, 3: 94.06528189910979, 4: 93.05993690851734, 5: 93.48837209302326}
 Time: 2354.8s

Saved best val 94.38% → models/qnn_gpu.pth
=== Epoch 60/75 ===
 Train | Loss: 0.7109 | Acc: 94.31%
 Valid | Loss: 0.4309 | Acc: 93.95%
 Per-class: {0: 94.11764705882354, 1: 96.03448275862068, 2: 97.02380952380952, 3: 94.3620178041543, 4: 90.22082018927445, 5: 93.72093023255815}
 Time: 2345.6s

=== Epoch 61/75 ===
 Train | Loss: 0.6956 | Acc: 94.97%
 Valid | Loss: 0.4350 | Acc: 94.23%
 Per-class: {0: 94.31372549019608, 1: 94.13793103448276, 2: 95.83333333333333, 3: 94.95548961424332, 4: 92.27129337539432, 5: 95.34883720930233}
 Time: 2356.8s

=== Epoch 62/75 ===
 Train | Loss: 0.7020 | Acc: 94.87%
 Valid | Loss: 0.4273 | Acc: 94.13%
 Per-class: {0: 96.47058823529412, 1: 95.34482758620689, 2: 97.91666666666667, 3: 92.28486646884274, 4: 90.22082018927445, 5: 93.95348837209302}
 Time: 2353.1s

=== Epoch 63/75 ===
 Train | Loss: 0.7013 | Acc: 95.05%
 Valid | Loss: 0.4278 | Acc: 94.73%
 Per-class: {0: 95.09803921568627, 1: 95.34482758620689, 2: 97.61904761904762, 3: 94.06528189910979, 4: 91.6403785488959, 5: 96.27906976744185}
 Time: 2396.6s

Saved best val 94.73% → models/qnn_gpu.pth
=== Epoch 64/75 ===
 Train | Loss: 0.7045 | Acc: 95.17%
 Valid | Loss: 0.4268 | Acc: 94.98%
 Per-class: {0: 95.88235294117646, 1: 97.75862068965517, 2: 97.61904761904762, 3: 93.47181008902078, 4: 90.53627760252365, 5: 95.81395348837209}
 Time: 2408.6s

Saved best val 94.98% → models/qnn_gpu.pth
=== Epoch 65/75 ===
 Train | Loss: 0.7065 | Acc: 94.96%
 Valid | Loss: 0.4273 | Acc: 94.69%
 Per-class: {0: 94.11764705882354, 1: 96.20689655172414, 2: 97.61904761904762, 3: 93.47181008902078, 4: 91.7981072555205, 5: 96.27906976744185}
 Time: 2350.5s

=== Epoch 66/75 ===
 Train | Loss: 0.7051 | Acc: 95.35%
 Valid | Loss: 0.4233 | Acc: 95.01%
 Per-class: {0: 96.07843137254902, 1: 95.51724137931035, 2: 96.42857142857143, 3: 94.65875370919882, 4: 92.11356466876971, 5: 96.51162790697674}
 Time: 2346.7s

Saved best val 95.01% → models/qnn_gpu.pth
=== Epoch 67/75 ===
 Train | Loss: 0.7123 | Acc: 95.24%
 Valid | Loss: 0.4168 | Acc: 95.12%
 Per-class: {0: 96.07843137254902, 1: 96.20689655172414, 2: 97.91666666666667, 3: 94.06528189910979, 4: 92.74447949526814, 5: 94.65116279069767}
 Time: 2307.1s

Saved best val 95.12% → models/qnn_gpu.pth
=== Epoch 68/75 ===
 Train | Loss: 0.7030 | Acc: 95.30%
 Valid | Loss: 0.4181 | Acc: 95.22%
 Per-class: {0: 96.66666666666667, 1: 95.6896551724138, 2: 97.91666666666667, 3: 94.95548961424332, 4: 92.27129337539432, 5: 95.34883720930233}
 Time: 2300.7s

Saved best val 95.22% → models/qnn_gpu.pth
=== Epoch 69/75 ===
 Train | Loss: 0.7017 | Acc: 95.39%
 Valid | Loss: 0.4202 | Acc: 94.98%
 Per-class: {0: 95.49019607843137, 1: 95.0, 2: 97.61904761904762, 3: 95.84569732937686, 4: 92.27129337539432, 5: 95.5813953488372}
 Time: 2304.0s

=== Epoch 70/75 ===
 Train | Loss: 0.6951 | Acc: 95.64%
 Valid | Loss: 0.4196 | Acc: 94.80%
 Per-class: {0: 95.68627450980392, 1: 96.20689655172414, 2: 96.72619047619048, 3: 95.25222551928783, 4: 91.16719242902208, 5: 95.34883720930233}
 Time: 2301.7s

=== Epoch 71/75 ===
 Train | Loss: 0.6981 | Acc: 95.52%
 Valid | Loss: 0.4192 | Acc: 94.98%
 Per-class: {0: 95.88235294117646, 1: 97.41379310344827, 2: 97.91666666666667, 3: 94.06528189910979, 4: 91.00946372239747, 5: 94.88372093023256}
 Time: 2301.9s

=== Epoch 72/75 ===
 Train | Loss: 0.7027 | Acc: 95.55%
 Valid | Loss: 0.4180 | Acc: 95.15%
 Per-class: {0: 96.27450980392157, 1: 95.6896551724138, 2: 96.72619047619048, 3: 95.54896142433235, 4: 92.74447949526814, 5: 95.11627906976744}
 Time: 2302.7s

=== Epoch 73/75 ===
 Train | Loss: 0.6938 | Acc: 95.81%
 Valid | Loss: 0.4150 | Acc: 95.30%
 Per-class: {0: 96.07843137254902, 1: 95.34482758620689, 2: 97.02380952380952, 3: 94.06528189910979, 4: 93.53312302839117, 5: 96.51162790697674}
 Time: 2293.9s

Saved best val 95.30% → models/qnn_gpu.pth
=== Epoch 74/75 ===
 Train | Loss: 0.6977 | Acc: 95.42%
 Valid | Loss: 0.4177 | Acc: 94.98%
 Per-class: {0: 94.90196078431373, 1: 95.6896551724138, 2: 97.32142857142857, 3: 95.25222551928783, 4: 91.95583596214512, 5: 96.51162790697674}
 Time: 2304.8s

=== Epoch 75/75 ===
 Train | Loss: 0.6913 | Acc: 95.70%
 Valid | Loss: 0.4168 | Acc: 95.15%
 Per-class: {0: 95.49019607843137, 1: 95.6896551724138, 2: 96.42857142857143, 3: 95.54896142433235, 4: 92.58675078864353, 5: 96.51162790697674}
 Time: 2302.1s


Best val accuracy: 95.30%

Test | Loss: 0.4093 | Acc: 95.59%
              precision    recall  f1-score   support

 Deformation       0.96      0.97      0.96       510
  Deposition       0.95      0.96      0.96       582
  Disconnect       0.97      0.98      0.97       336
Misalignment       0.95      0.94      0.95       338
    Obstacle       0.96      0.93      0.94       635
     Rupture       0.95      0.97      0.96       432

    accuracy                           0.96      2833
   macro avg       0.96      0.96      0.96      2833
weighted avg       0.96      0.96      0.96      2833