====================================================
HYBRID QNN-CPU  —  TRAINING START
----------------------------------------------------
Epochs: 75
Batch Size: 16
Learning Rate: 0.0005
Quantum LR Mult: 3.5
N-Qubits: 6
Q-Depth: 2
PyTorch Device: cuda
Checkpoint: models/qnn_cpu_75_epochs.pth
====================================================
---------------------------------------------------------------------------
13/04/2026 - 03:33 PM - INFO - ID: 739f4d1b-af13-44d7-a5c1-1b8734e8e6b5
=== Epoch 1/75 ===
 Train | Loss: 1.8648 | Acc: 24.37%
 Valid | Loss: 1.7603 | Acc: 30.60%
 Per-class: {0: 6.470588235294118, 1: 72.93103448275862, 2: 1.1904761904761905, 3: 35.60830860534124, 4: 38.64353312302839, 5: 9.30232558139535}
 Time: 734.7s

---------------------------------------------------------------------------
13/04/2026 - 03:33 PM - INFO - ID: bb990694-5b37-4bb0-b896-aec2ec60b67a
Resume checkpoint saved → models/qnn_cpu_resume.pth  (epoch 1 done)
---------------------------------------------------------------------------
13/04/2026 - 03:45 PM - INFO - ID: fc6f5b27-1bb1-449f-8c0a-bcde018fffb5
=== Epoch 2/75 ===
 Train | Loss: 1.7745 | Acc: 31.25%
 Valid | Loss: 1.7660 | Acc: 22.36%
 Per-class: {0: 32.94117647058823, 1: 2.9310344827586206, 2: 10.119047619047619, 3: 24.92581602373887, 4: 12.46056782334385, 5: 58.13953488372093}
 Time: 749.1s

---------------------------------------------------------------------------
13/04/2026 - 03:45 PM - INFO - ID: e140849d-2d71-441b-9e3a-ea1dc913c7a1
Resume checkpoint saved → models/qnn_cpu_resume.pth  (epoch 2 done)
---------------------------------------------------------------------------
13/04/2026 - 03:57 PM - INFO - ID: ea7e4428-3b2a-46af-a3d4-009659f2431b
=== Epoch 3/75 ===
 Train | Loss: 1.6801 | Acc: 35.42%
 Valid | Loss: 2.1909 | Acc: 20.20%
 Per-class: {0: 5.882352941176471, 1: 0.1724137931034483, 2: 88.39285714285714, 3: 13.946587537091988, 4: 22.2397476340694, 5: 12.790697674418604}
 Time: 765.2s

---------------------------------------------------------------------------
13/04/2026 - 03:57 PM - INFO - ID: 10a5d9a9-570c-4d23-846e-12426b970597
Resume checkpoint saved → models/qnn_cpu_resume.pth  (epoch 3 done)
---------------------------------------------------------------------------
13/04/2026 - 04:09 PM - INFO - ID: 5862c883-4061-4412-abb4-02369684b820
=== Epoch 4/75 ===
 Train | Loss: 1.6087 | Acc: 40.24%
 Valid | Loss: 1.4350 | Acc: 44.43%
 Per-class: {0: 49.80392156862745, 1: 67.41379310344827, 2: 61.01190476190476, 3: 35.01483679525222, 4: 25.709779179810724, 5: 29.069767441860463}
 Time: 729.3s
---------------------------------------------------------------------------
13/04/2026 - 04:21 PM - INFO - ID: 5a41f071-ccb0-4b97-97f6-b2104d877b2c
=== Epoch 5/75 ===
 Train | Loss: 1.5484 | Acc: 43.77%
 Valid | Loss: 1.4083 | Acc: 43.44%
 Per-class: {0: 7.254901960784314, 1: 52.58620689655172, 2: 70.53571428571429, 3: 34.4213649851632, 4: 56.624605678233436, 5: 40.46511627906977}
 Time: 759.5s

---------------------------------------------------------------------------
13/04/2026 - 04:21 PM - INFO - ID: ff87d1e5-f822-4972-8007-d87aa26006c6
Resume checkpoint saved → models/qnn_cpu_resume.pth  (epoch 5 done)
---------------------------------------------------------------------------
---------------------------------------------------------------------------
13/04/2026 - 09:46 PM - INFO - ID: f108b526-c20d-4528-b3b8-2b93cfb865a5
HYBRID QNN-CPU BEGINS TRAINING
---------------------------------------------------------------------------
13/04/2026 - 09:46 PM - INFO - ID: 3016eb25-1448-48fb-aafd-444c02c5d4f5
Resumed from models/qnn_cpu_resume.pth — continuing from epoch 6  (best val so far: 44.43%)
---------------------------------------------------------------------------
13/04/2026 - 09:57 PM - INFO - ID: 6ca7b436-d9ef-4dde-a8fe-debd6725dce3
=== Epoch 6/75 ===
 Train | Loss: 1.4966 | Acc: 47.02%
 Valid | Loss: 1.3372 | Acc: 50.34%
 Per-class: {0: 70.3921568627451, 1: 67.24137931034483, 2: 58.333333333333336, 3: 42.13649851632047, 4: 40.53627760252366, 5: 18.372093023255815}
 Time: 672.7s

---------------------------------------------------------------------------
13/04/2026 - 09:57 PM - INFO - ID: 2e56085b-a724-4fb1-aa41-89119c302909
Resume checkpoint saved → models/qnn_cpu_resume.pth  (epoch 6 done)
---------------------------------------------------------------------------
13/04/2026 - 10:08 PM - INFO - ID: 2b76611f-d845-49d4-98a9-67a5f3a170e2
=== Epoch 7/75 ===
 Train | Loss: 1.4627 | Acc: 48.61%
 Valid | Loss: 1.3383 | Acc: 48.74%
 Per-class: {0: 22.745098039215687, 1: 73.96551724137932, 2: 80.35714285714286, 3: 44.80712166172107, 4: 45.42586750788644, 5: 28.837209302325583}
 Time: 680.8s

---------------------------------------------------------------------------
13/04/2026 - 10:08 PM - INFO - ID: f7105d46-511b-470e-9a6b-c0e6cb1cbf99
Resume checkpoint saved → models/qnn_cpu_resume.pth  (epoch 7 done)
---------------------------------------------------------------------------
13/04/2026 - 10:20 PM - INFO - ID: 97939081-ba20-4d78-a558-2753af4a60bc
=== Epoch 8/75 ===
 Train | Loss: 1.4370 | Acc: 51.54%
 Valid | Loss: 1.2312 | Acc: 54.97%
 Per-class: {0: 36.86274509803921, 1: 70.86206896551724, 2: 67.85714285714286, 3: 43.323442136498514, 4: 64.98422712933754, 5: 39.30232558139535}
 Time: 681.0s

---------------------------------------------------------------------------
13/04/2026 - 10:20 PM - INFO - ID: 2e40ce5b-9bf3-450f-8e04-a863d27d85b5
Resume checkpoint saved → models/qnn_cpu_resume.pth  (epoch 8 done)
---------------------------------------------------------------------------
13/04/2026 - 10:31 PM - INFO - ID: 2b4f0599-ba64-4f5a-8adc-ef725e3b2a7a
=== Epoch 9/75 ===
 Train | Loss: 1.3977 | Acc: 54.08%
 Valid | Loss: 1.2434 | Acc: 53.80%
 Per-class: {0: 42.745098039215684, 1: 82.75862068965517, 2: 60.11904761904762, 3: 40.0593471810089, 4: 48.58044164037855, 5: 41.395348837209305}
 Time: 666.8s

---------------------------------------------------------------------------
13/04/2026 - 10:31 PM - INFO - ID: f5506be5-c768-4e68-a442-3bc0e97ddc9e
Resume checkpoint saved → models/qnn_cpu_resume.pth  (epoch 9 done)
---------------------------------------------------------------------------
13/04/2026 - 10:42 PM - INFO - ID: b4dfafeb-b457-4aa8-b9dc-b9f715f8160d
=== Epoch 10/75 ===
 Train | Loss: 1.3788 | Acc: 54.83%
 Valid | Loss: 1.2129 | Acc: 57.09%
 Per-class: {0: 46.666666666666664, 1: 71.55172413793103, 2: 76.48809523809524, 3: 48.6646884272997, 4: 49.21135646687697, 5: 53.02325581395349}
 Time: 661.7s

---------------------------------------------------------------------------
13/04/2026 - 10:42 PM - INFO - ID: 9319e6c3-340b-4226-8532-16c218b77fd3
Resume checkpoint saved → models/qnn_cpu_resume.pth  (epoch 10 done)
---------------------------------------------------------------------------
13/04/2026 - 10:53 PM - INFO - ID: 0d366ce7-082c-49e2-bf58-90cd14142793
=== Epoch 11/75 ===
 Train | Loss: 1.3541 | Acc: 56.62%
 Valid | Loss: 1.1619 | Acc: 58.97%
 Per-class: {0: 59.411764705882355, 1: 69.3103448275862, 2: 70.53571428571429, 3: 49.25816023738872, 4: 54.889589905362776, 5: 49.06976744186046}
 Time: 663.1s

---------------------------------------------------------------------------
13/04/2026 - 10:53 PM - INFO - ID: cd325a30-569e-4464-b258-01691d71488a
Resume checkpoint saved → models/qnn_cpu_resume.pth  (epoch 11 done)
---------------------------------------------------------------------------
13/04/2026 - 11:04 PM - INFO - ID: 7000dbc6-6c2c-4b5b-8527-d00f752e30a7
=== Epoch 12/75 ===
 Train | Loss: 1.3243 | Acc: 57.91%
 Valid | Loss: 1.1092 | Acc: 62.33%
 Per-class: {0: 71.56862745098039, 1: 72.75862068965517, 2: 77.38095238095238, 3: 38.57566765578635, 4: 60.56782334384858, 5: 46.74418604651163}
 Time: 662.6s

---------------------------------------------------------------------------
13/04/2026 - 11:04 PM - INFO - ID: 7ce07aaf-403e-4cbd-b313-e4861e5db21f
Resume checkpoint saved → models/qnn_cpu_resume.pth  (epoch 12 done)
---------------------------------------------------------------------------
13/04/2026 - 11:15 PM - INFO - ID: 88ffca13-96bc-40c7-8b69-eae27fd53b5d
=== Epoch 13/75 ===
 Train | Loss: 1.3028 | Acc: 59.26%
 Valid | Loss: 1.0981 | Acc: 63.04%
 Per-class: {0: 57.05882352941177, 1: 76.37931034482759, 2: 69.64285714285714, 3: 65.57863501483679, 4: 59.936908517350155, 5: 49.53488372093023}
 Time: 658.9s

---------------------------------------------------------------------------
13/04/2026 - 11:15 PM - INFO - ID: b60777fd-77e4-4e2c-9f90-22f34aa0701a
Resume checkpoint saved → models/qnn_cpu_resume.pth  (epoch 13 done)
---------------------------------------------------------------------------
13/04/2026 - 11:26 PM - INFO - ID: f7b1da63-1982-4718-b683-02e0e59a024c
=== Epoch 14/75 ===
 Train | Loss: 1.2924 | Acc: 60.33%
 Valid | Loss: 1.0729 | Acc: 62.33%
 Per-class: {0: 63.333333333333336, 1: 82.75862068965517, 2: 70.53571428571429, 3: 59.64391691394659, 4: 46.845425867507885, 5: 52.093023255813954}
 Time: 660.5s

---------------------------------------------------------------------------
13/04/2026 - 11:26 PM - INFO - ID: 14ce6ef4-4faf-450d-bd27-0065e65a98b8
Resume checkpoint saved → models/qnn_cpu_resume.pth  (epoch 14 done)
---------------------------------------------------------------------------
13/04/2026 - 11:37 PM - INFO - ID: e93444b6-2266-45e9-bbd4-2e8f4f293347
=== Epoch 15/75 ===
 Train | Loss: 1.2682 | Acc: 61.79%
 Valid | Loss: 1.0463 | Acc: 64.45%
 Per-class: {0: 63.72549019607843, 1: 76.72413793103448, 2: 72.61904761904762, 3: 46.58753709198813, 4: 64.66876971608833, 5: 56.04651162790697}
 Time: 659.5s

---------------------------------------------------------------------------
13/04/2026 - 11:37 PM - INFO - ID: 4c6174d3-dd70-4bc5-82bc-2e1f4ba04a16
Resume checkpoint saved → models/qnn_cpu_resume.pth  (epoch 15 done)
---------------------------------------------------------------------------
13/04/2026 - 11:48 PM - INFO - ID: 163a3122-1b4a-4453-9e89-4e8e78a609fc
=== Epoch 16/75 ===
 Train | Loss: 1.2498 | Acc: 62.80%
 Valid | Loss: 1.0392 | Acc: 64.98%
 Per-class: {0: 73.33333333333333, 1: 65.86206896551724, 2: 68.1547619047619, 3: 53.11572700296736, 4: 70.97791798107255, 5: 51.86046511627907}
 Time: 662.6s

---------------------------------------------------------------------------
13/04/2026 - 11:48 PM - INFO - ID: 1113b905-046f-4221-970b-cab440413487
Resume checkpoint saved → models/qnn_cpu_resume.pth  (epoch 16 done)
---------------------------------------------------------------------------
13/04/2026 - 11:59 PM - INFO - ID: ee32d454-1a6a-4b1c-8985-973b3a1bdc31
=== Epoch 17/75 ===
 Train | Loss: 1.2263 | Acc: 64.54%
 Valid | Loss: 1.0240 | Acc: 65.41%
 Per-class: {0: 73.13725490196079, 1: 86.37931034482759, 2: 72.91666666666667, 3: 64.09495548961425, 4: 56.94006309148265, 5: 35.58139534883721}
 Time: 663.8s

---------------------------------------------------------------------------
13/04/2026 - 11:59 PM - INFO - ID: 79709046-fea6-45f6-8282-16ce4f5d55ae
Resume checkpoint saved → models/qnn_cpu_resume.pth  (epoch 17 done)
---------------------------------------------------------------------------
14/04/2026 - 12:10 AM - INFO - ID: a55f090f-ff82-4d83-a79c-b5faf7748734
=== Epoch 18/75 ===
 Train | Loss: 1.2211 | Acc: 64.64%
 Valid | Loss: 0.9829 | Acc: 66.71%
 Per-class: {0: 59.6078431372549, 1: 77.75862068965517, 2: 75.29761904761905, 3: 67.65578635014836, 4: 63.24921135646688, 5: 57.906976744186046}
 Time: 663.6s

---------------------------------------------------------------------------
14/04/2026 - 12:10 AM - INFO - ID: f95742e9-9e6c-486a-9c9e-ddfba04ac7f4
Resume checkpoint saved → models/qnn_cpu_resume.pth  (epoch 18 done)
---------------------------------------------------------------------------
14/04/2026 - 12:21 AM - INFO - ID: f1516f7b-da40-488f-800d-a929a00a7e86
=== Epoch 19/75 ===
 Train | Loss: 1.1963 | Acc: 65.86%
 Valid | Loss: 0.9429 | Acc: 69.47%
 Per-class: {0: 73.72549019607843, 1: 72.58620689655173, 2: 76.48809523809524, 3: 59.347181008902076, 4: 72.71293375394322, 5: 57.906976744186046}
 Time: 663.5s

---------------------------------------------------------------------------
14/04/2026 - 12:21 AM - INFO - ID: c15cdf52-2573-48f5-a733-b2134827ec62
Resume checkpoint saved → models/qnn_cpu_resume.pth  (epoch 19 done)
---------------------------------------------------------------------------
14/04/2026 - 12:32 AM - INFO - ID: 4649ac85-6211-4baf-bf11-ea86dfbe8684
=== Epoch 20/75 ===
 Train | Loss: 1.1646 | Acc: 67.69%
 Valid | Loss: 0.9562 | Acc: 68.38%
 Per-class: {0: 72.94117647058823, 1: 73.44827586206897, 2: 65.77380952380952, 3: 71.513353115727, 4: 66.08832807570978, 5: 59.06976744186046}
 Time: 662.3s

---------------------------------------------------------------------------
14/04/2026 - 12:32 AM - INFO - ID: 95c2328c-dafd-427d-9416-9bf7c9595b5e
Resume checkpoint saved → models/qnn_cpu_resume.pth  (epoch 20 done)
---------------------------------------------------------------------------
14/04/2026 - 12:43 AM - INFO - ID: 1bba5039-3d83-49be-b049-276fdbaf695f
=== Epoch 21/75 ===
 Train | Loss: 1.1483 | Acc: 68.51%
 Valid | Loss: 0.9458 | Acc: 69.15%
 Per-class: {0: 67.6470588235294, 1: 81.72413793103448, 2: 68.75, 3: 61.72106824925816, 4: 70.34700315457414, 5: 58.372093023255815}
 Time: 662.5s

---------------------------------------------------------------------------
14/04/2026 - 12:43 AM - INFO - ID: 217c82bf-69a1-4ca7-b02f-956e0cf8d25b
Resume checkpoint saved → models/qnn_cpu_resume.pth  (epoch 21 done)
---------------------------------------------------------------------------
14/04/2026 - 12:54 AM - INFO - ID: bdb25dd8-c3d4-451c-a7c2-8f609eec07d9
=== Epoch 22/75 ===
 Train | Loss: 1.1387 | Acc: 69.06%
 Valid | Loss: 0.9935 | Acc: 67.42%
 Per-class: {0: 72.94117647058823, 1: 57.758620689655174, 2: 70.23809523809524, 3: 62.611275964391695, 4: 77.28706624605678, 5: 60.93023255813954}
 Time: 662.8s

---------------------------------------------------------------------------
14/04/2026 - 12:54 AM - INFO - ID: 9eff1f4b-2eff-4bd6-9227-39bcca104abe
Resume checkpoint saved → models/qnn_cpu_resume.pth  (epoch 22 done)
---------------------------------------------------------------------------
14/04/2026 - 01:05 AM - INFO - ID: a1836a22-f1f9-49bd-9342-d21d6a98534c
=== Epoch 23/75 ===
 Train | Loss: 1.1107 | Acc: 70.57%
 Valid | Loss: 0.8744 | Acc: 72.55%
 Per-class: {0: 74.11764705882354, 1: 73.27586206896552, 2: 75.5952380952381, 3: 80.41543026706232, 4: 79.96845425867508, 5: 50.23255813953488}
 Time: 661.3s

---------------------------------------------------------------------------
14/04/2026 - 01:05 AM - INFO - ID: efa16c5e-2e61-4c3a-b99f-77770aa44a42
Resume checkpoint saved → models/qnn_cpu_resume.pth  (epoch 23 done)
---------------------------------------------------------------------------
14/04/2026 - 01:16 AM - INFO - ID: cef4cb7b-196b-43d6-92aa-85a33e5f932d
=== Epoch 24/75 ===
 Train | Loss: 1.0819 | Acc: 71.64%
 Valid | Loss: 0.8869 | Acc: 72.55%
 Per-class: {0: 76.27450980392157, 1: 67.93103448275862, 2: 74.70238095238095, 3: 78.04154302670624, 4: 77.91798107255521, 5: 60.46511627906977}
 Time: 663.8s

---------------------------------------------------------------------------
14/04/2026 - 01:16 AM - INFO - ID: 56ba5448-0b65-45f5-8aa9-074f5f34a8cc
Resume checkpoint saved → models/qnn_cpu_resume.pth  (epoch 24 done)
---------------------------------------------------------------------------
14/04/2026 - 01:27 AM - INFO - ID: 96b9baaa-2298-4ff6-985c-83b5d9067564
=== Epoch 25/75 ===
 Train | Loss: 1.0617 | Acc: 73.16%
 Valid | Loss: 0.8539 | Acc: 73.65%
 Per-class: {0: 70.19607843137256, 1: 80.34482758620689, 2: 74.4047619047619, 3: 70.32640949554896, 4: 80.12618296529969, 5: 61.16279069767442}
 Time: 663.0s

---------------------------------------------------------------------------
14/04/2026 - 01:28 AM - INFO - ID: e46868d8-3cd5-4ada-9fa4-18e906269b51
Resume checkpoint saved → models/qnn_cpu_resume.pth  (epoch 25 done)
---------------------------------------------------------------------------
14/04/2026 - 01:39 AM - INFO - ID: b2d607cb-c3a2-4bbe-b1ae-0c00480f7c56
=== Epoch 26/75 ===
 Train | Loss: 1.0437 | Acc: 74.15%
 Valid | Loss: 0.8138 | Acc: 75.38%
 Per-class: {0: 74.11764705882354, 1: 76.20689655172414, 2: 79.16666666666667, 3: 77.1513353115727, 4: 79.02208201892745, 5: 66.04651162790698}
 Time: 663.2s

---------------------------------------------------------------------------
14/04/2026 - 01:39 AM - INFO - ID: 342f4528-3834-496d-8539-071f89c83713
Resume checkpoint saved → models/qnn_cpu_resume.pth  (epoch 26 done)
---------------------------------------------------------------------------
14/04/2026 - 01:50 AM - INFO - ID: 0cdd70a2-86e6-4c8b-a484-192da851617b
=== Epoch 27/75 ===
 Train | Loss: 1.0362 | Acc: 74.75%
 Valid | Loss: 0.7996 | Acc: 75.34%
 Per-class: {0: 73.33333333333333, 1: 80.6896551724138, 2: 79.46428571428571, 3: 80.71216617210682, 4: 68.76971608832808, 5: 72.79069767441861}
 Time: 664.9s

---------------------------------------------------------------------------
14/04/2026 - 01:50 AM - INFO - ID: 5c86d90a-2b0a-4c98-866f-428f76e014cb
Resume checkpoint saved → models/qnn_cpu_resume.pth  (epoch 27 done)
---------------------------------------------------------------------------
14/04/2026 - 02:01 AM - INFO - ID: 0095b624-3a92-4023-92dd-af10819d3545
=== Epoch 28/75 ===
 Train | Loss: 1.0224 | Acc: 75.78%
 Valid | Loss: 0.8477 | Acc: 74.74%
 Per-class: {0: 82.3529411764706, 1: 75.0, 2: 77.67857142857143, 3: 80.1186943620178, 4: 70.82018927444796, 5: 64.65116279069767}
 Time: 664.3s

---------------------------------------------------------------------------
14/04/2026 - 02:01 AM - INFO - ID: 8a0b390d-b36e-480f-bdb1-1664d52dbf81
Resume checkpoint saved → models/qnn_cpu_resume.pth  (epoch 28 done)
---------------------------------------------------------------------------
14/04/2026 - 02:12 AM - INFO - ID: d274762b-bde6-4c02-9821-2e88ea1b3f89
=== Epoch 29/75 ===
 Train | Loss: 0.9988 | Acc: 76.80%
 Valid | Loss: 0.8125 | Acc: 77.04%
 Per-class: {0: 71.76470588235294, 1: 75.86206896551724, 2: 82.44047619047619, 3: 86.05341246290801, 4: 70.66246056782335, 5: 83.02325581395348}
 Time: 667.1s

---------------------------------------------------------------------------
14/04/2026 - 02:12 AM - INFO - ID: e0c88802-08da-4e50-9d8e-8786b034379f
Resume checkpoint saved → models/qnn_cpu_resume.pth  (epoch 29 done)
---------------------------------------------------------------------------
14/04/2026 - 02:23 AM - INFO - ID: ada16c3e-49e1-4f2b-8894-c4e3e75c3c41
=== Epoch 30/75 ===
 Train | Loss: 0.9830 | Acc: 77.45%
 Valid | Loss: 0.7917 | Acc: 76.37%
 Per-class: {0: 78.82352941176471, 1: 74.13793103448276, 2: 86.01190476190476, 3: 72.40356083086053, 4: 74.44794952681389, 5: 74.88372093023256}
 Time: 667.1s

---------------------------------------------------------------------------
14/04/2026 - 02:23 AM - INFO - ID: 793c78b3-6db7-44e7-8ffe-ec3da225f779
Resume checkpoint saved → models/qnn_cpu_resume.pth  (epoch 30 done)
---------------------------------------------------------------------------
14/04/2026 - 02:34 AM - INFO - ID: 0d59ffbc-e9ee-44f7-841b-8fcef7410ed4
=== Epoch 31/75 ===
 Train | Loss: 0.9598 | Acc: 78.54%
 Valid | Loss: 0.7254 | Acc: 80.40%
 Per-class: {0: 83.72549019607843, 1: 83.96551724137932, 2: 81.25, 3: 81.30563798219585, 4: 77.7602523659306, 5: 74.18604651162791}
 Time: 664.3s

---------------------------------------------------------------------------
14/04/2026 - 02:34 AM - INFO - ID: c592b772-0937-48d3-a0bb-69064decc41c
Resume checkpoint saved → models/qnn_cpu_resume.pth  (epoch 31 done)
---------------------------------------------------------------------------
14/04/2026 - 02:45 AM - INFO - ID: f635e9e7-ea7e-437a-aaf3-45061ca5c4d4
=== Epoch 32/75 ===
 Train | Loss: 0.9364 | Acc: 80.42%
 Valid | Loss: 0.7604 | Acc: 78.21%
 Per-class: {0: 75.88235294117646, 1: 83.44827586206897, 2: 93.75, 3: 75.96439169139465, 4: 75.0788643533123, 5: 68.13953488372093}
 Time: 666.8s

---------------------------------------------------------------------------
14/04/2026 - 02:45 AM - INFO - ID: 4277edac-28f1-40c2-a80e-11c02f23cd29
Resume checkpoint saved → models/qnn_cpu_resume.pth  (epoch 32 done)
---------------------------------------------------------------------------
14/04/2026 - 02:56 AM - INFO - ID: 6f9d8784-3e51-4c3c-9146-972f989b6f4d
=== Epoch 33/75 ===
 Train | Loss: 0.9287 | Acc: 80.63%
 Valid | Loss: 0.7140 | Acc: 80.47%
 Per-class: {0: 81.37254901960785, 1: 84.48275862068965, 2: 86.60714285714286, 3: 86.05341246290801, 4: 77.60252365930599, 5: 69.06976744186046}
 Time: 667.9s

---------------------------------------------------------------------------
14/04/2026 - 02:56 AM - INFO - ID: 6f310281-7fb3-40f6-b4da-2ff42cd99257
Resume checkpoint saved → models/qnn_cpu_resume.pth  (epoch 33 done)
---------------------------------------------------------------------------
14/04/2026 - 03:07 AM - INFO - ID: 48b98bdb-7d5c-4655-b7c0-045f35c065fa
=== Epoch 34/75 ===
 Train | Loss: 0.9179 | Acc: 81.41%
 Valid | Loss: 0.7755 | Acc: 77.22%
 Per-class: {0: 69.41176470588235, 1: 75.34482758620689, 2: 83.63095238095238, 3: 67.06231454005935, 4: 84.70031545741325, 5: 80.93023255813954}
 Time: 665.6s

---------------------------------------------------------------------------
14/04/2026 - 03:07 AM - INFO - ID: 115bcd41-3ccb-4cc0-a81a-d47200bf392b
Resume checkpoint saved → models/qnn_cpu_resume.pth  (epoch 34 done)
---------------------------------------------------------------------------
14/04/2026 - 03:18 AM - INFO - ID: a934d582-5b2b-4165-ab90-1077a1c41112
=== Epoch 35/75 ===
 Train | Loss: 0.9033 | Acc: 82.19%
 Valid | Loss: 0.6519 | Acc: 82.99%
 Per-class: {0: 84.70588235294117, 1: 83.10344827586206, 2: 91.96428571428571, 3: 77.1513353115727, 4: 80.12618296529969, 5: 82.55813953488372}
 Time: 666.0s

---------------------------------------------------------------------------
14/04/2026 - 03:18 AM - INFO - ID: a1abe227-41dd-4103-8f88-3a86cf2e6c3e
Resume checkpoint saved → models/qnn_cpu_resume.pth  (epoch 35 done)
---------------------------------------------------------------------------
14/04/2026 - 03:30 AM - INFO - ID: 5bd805a4-2a51-4baa-944c-0065336d905d
=== Epoch 36/75 ===
 Train | Loss: 0.8899 | Acc: 83.37%
 Valid | Loss: 0.6781 | Acc: 83.09%
 Per-class: {0: 80.3921568627451, 1: 80.6896551724138, 2: 90.17857142857143, 3: 81.60237388724036, 4: 85.01577287066246, 5: 82.32558139534883}
 Time: 667.6s

---------------------------------------------------------------------------
14/04/2026 - 03:30 AM - INFO - ID: 598c0bb6-b0ae-4f19-a570-c5345d956755
Resume checkpoint saved → models/qnn_cpu_resume.pth  (epoch 36 done)
---------------------------------------------------------------------------
14/04/2026 - 03:41 AM - INFO - ID: e8958084-675c-4219-b28b-4f7cafa37f9b
=== Epoch 37/75 ===
 Train | Loss: 0.8740 | Acc: 83.77%
 Valid | Loss: 0.6346 | Acc: 84.68%
 Per-class: {0: 89.6078431372549, 1: 78.27586206896552, 2: 93.1547619047619, 3: 83.67952522255193, 4: 83.59621451104101, 5: 83.25581395348837}
 Time: 667.8s

---------------------------------------------------------------------------
14/04/2026 - 03:41 AM - INFO - ID: 694920c5-5e38-4fe4-a46f-e65adc488bbe
Resume checkpoint saved → models/qnn_cpu_resume.pth  (epoch 37 done)
---------------------------------------------------------------------------
14/04/2026 - 03:52 AM - INFO - ID: e8137a7c-9fd8-41b8-a62a-3ef1d3248707
=== Epoch 38/75 ===
 Train | Loss: 0.8569 | Acc: 84.64%
 Valid | Loss: 0.6255 | Acc: 85.36%
 Per-class: {0: 87.84313725490196, 1: 89.65517241379311, 2: 90.17857142857143, 3: 85.7566765578635, 4: 79.33753943217665, 5: 81.3953488372093}
 Time: 666.0s

---------------------------------------------------------------------------
14/04/2026 - 03:52 AM - INFO - ID: 84739a21-ca62-4bfd-9c6f-e2200c471426
Resume checkpoint saved → models/qnn_cpu_resume.pth  (epoch 38 done)
---------------------------------------------------------------------------
14/04/2026 - 04:03 AM - INFO - ID: 4c15ac3e-c281-483c-99a9-9b148fd57ed3
=== Epoch 39/75 ===
 Train | Loss: 0.8480 | Acc: 85.52%
 Valid | Loss: 0.6163 | Acc: 86.20%
 Per-class: {0: 89.41176470588235, 1: 82.06896551724138, 2: 90.77380952380952, 3: 86.05341246290801, 4: 85.01577287066246, 5: 86.27906976744185}
 Time: 667.1s

---------------------------------------------------------------------------
14/04/2026 - 04:03 AM - INFO - ID: 0680df8f-ecdf-4ec8-8f0a-4933a826d4fa
Resume checkpoint saved → models/qnn_cpu_resume.pth  (epoch 39 done)
---------------------------------------------------------------------------
14/04/2026 - 04:14 AM - INFO - ID: f9c9328a-d712-4173-b1cc-8764e3c8db57
=== Epoch 40/75 ===
 Train | Loss: 0.8415 | Acc: 85.84%
 Valid | Loss: 0.6020 | Acc: 86.06%
 Per-class: {0: 89.41176470588235, 1: 86.20689655172414, 2: 93.75, 3: 85.16320474777449, 4: 80.91482649842271, 5: 84.18604651162791}
 Time: 667.5s

---------------------------------------------------------------------------
14/04/2026 - 04:14 AM - INFO - ID: b7dbfa17-b75c-45f2-b073-d7bda6f95cfc
Resume checkpoint saved → models/qnn_cpu_resume.pth  (epoch 40 done)
---------------------------------------------------------------------------
14/04/2026 - 04:25 AM - INFO - ID: 54c362ba-0e02-4805-afe5-929b761c7ad6
=== Epoch 41/75 ===
 Train | Loss: 0.8158 | Acc: 87.08%
 Valid | Loss: 0.6209 | Acc: 85.43%
 Per-class: {0: 87.25490196078431, 1: 79.3103448275862, 2: 92.26190476190476, 3: 85.7566765578635, 4: 86.75078864353313, 5: 83.95348837209302}
 Time: 671.0s

---------------------------------------------------------------------------
14/04/2026 - 04:25 AM - INFO - ID: dbc061a2-6177-464d-9cfb-a1e08d10ebb1
Resume checkpoint saved → models/qnn_cpu_resume.pth  (epoch 41 done)
---------------------------------------------------------------------------
14/04/2026 - 04:36 AM - INFO - ID: fdaa2e21-76c2-4710-9fae-4ae2a4f45af5
=== Epoch 42/75 ===
 Train | Loss: 0.8091 | Acc: 87.57%
 Valid | Loss: 0.6002 | Acc: 86.31%
 Per-class: {0: 84.31372549019608, 1: 90.51724137931035, 2: 92.26190476190476, 3: 89.02077151335311, 4: 79.33753943217665, 5: 86.51162790697674}
 Time: 667.1s

---------------------------------------------------------------------------
14/04/2026 - 04:36 AM - INFO - ID: a5a9bfa5-102d-4e1e-bf3d-85b45df6a2ef
Resume checkpoint saved → models/qnn_cpu_resume.pth  (epoch 42 done)
---------------------------------------------------------------------------
14/04/2026 - 04:47 AM - INFO - ID: 0054b763-d3a4-4db0-a93c-5e409893e750
=== Epoch 43/75 ===
 Train | Loss: 0.8020 | Acc: 87.87%
 Valid | Loss: 0.5566 | Acc: 87.83%
 Per-class: {0: 88.62745098039215, 1: 89.48275862068965, 2: 94.04761904761905, 3: 88.4272997032641, 4: 82.17665615141956, 5: 87.67441860465117}
 Time: 666.9s

---------------------------------------------------------------------------
14/04/2026 - 04:48 AM - INFO - ID: 2102c0a9-63ff-442e-b1aa-855427ffc72c
Resume checkpoint saved → models/qnn_cpu_resume.pth  (epoch 43 done)
---------------------------------------------------------------------------
14/04/2026 - 04:59 AM - INFO - ID: 549429dc-6483-4fa3-bcb0-03ece9d0eee2
=== Epoch 44/75 ===
 Train | Loss: 0.8033 | Acc: 88.27%
 Valid | Loss: 0.5375 | Acc: 89.64%
 Per-class: {0: 91.56862745098039, 1: 91.72413793103448, 2: 93.75, 3: 87.83382789317507, 4: 84.70031545741325, 5: 90.0}
 Time: 667.3s

---------------------------------------------------------------------------
14/04/2026 - 04:59 AM - INFO - ID: d3ccc429-abd6-46b0-8af0-4c897fa1fefd
Resume checkpoint saved → models/qnn_cpu_resume.pth  (epoch 44 done)
---------------------------------------------------------------------------
14/04/2026 - 05:10 AM - INFO - ID: 63cb4ee0-47b7-4afe-9ec8-702fc31d00bf
=== Epoch 45/75 ===
 Train | Loss: 0.7861 | Acc: 89.10%
 Valid | Loss: 0.5429 | Acc: 89.28%
 Per-class: {0: 92.74509803921569, 1: 90.17241379310344, 2: 91.96428571428571, 3: 91.69139465875371, 4: 82.80757097791798, 5: 89.53488372093024}
 Time: 664.6s

---------------------------------------------------------------------------
14/04/2026 - 05:10 AM - INFO - ID: cd3f49c9-1f17-4149-a25b-9bf625e5502d
Resume checkpoint saved → models/qnn_cpu_resume.pth  (epoch 45 done)
---------------------------------------------------------------------------
14/04/2026 - 05:21 AM - INFO - ID: 3f9cb5d2-552d-4082-809a-860db626e517
=== Epoch 46/75 ===
 Train | Loss: 0.7813 | Acc: 89.50%
 Valid | Loss: 0.5281 | Acc: 90.17%
 Per-class: {0: 92.54901960784314, 1: 93.27586206896552, 2: 92.55952380952381, 3: 92.58160237388724, 4: 83.59621451104101, 5: 89.06976744186046}
 Time: 667.2s

---------------------------------------------------------------------------
14/04/2026 - 05:21 AM - INFO - ID: df593446-6e03-4917-bc68-339364f719b6
Resume checkpoint saved → models/qnn_cpu_resume.pth  (epoch 46 done)
---------------------------------------------------------------------------
14/04/2026 - 05:32 AM - INFO - ID: 3ce28fb9-7f52-451a-872d-2fcd9c57e59c
=== Epoch 47/75 ===
 Train | Loss: 0.7687 | Acc: 90.20%
 Valid | Loss: 0.5032 | Acc: 91.12%
 Per-class: {0: 95.09803921568627, 1: 88.96551724137932, 2: 94.94047619047619, 3: 92.28486646884274, 4: 89.90536277602524, 5: 87.20930232558139}
 Time: 665.9s

---------------------------------------------------------------------------
14/04/2026 - 05:32 AM - INFO - ID: 1681757c-15e4-4c6c-b6b3-a90ef0973437
Resume checkpoint saved → models/qnn_cpu_resume.pth  (epoch 47 done)
---------------------------------------------------------------------------
14/04/2026 - 05:43 AM - INFO - ID: 24f33223-eea5-4bf0-a392-9d3f2886961c
=== Epoch 48/75 ===
 Train | Loss: 0.7626 | Acc: 90.44%
 Valid | Loss: 0.5054 | Acc: 90.91%
 Per-class: {0: 92.94117647058823, 1: 90.34482758620689, 2: 94.04761904761905, 3: 92.28486646884274, 4: 89.90536277602524, 5: 87.20930232558139}
 Time: 662.6s

---------------------------------------------------------------------------
14/04/2026 - 05:43 AM - INFO - ID: fa5762b9-677d-4716-87e4-4df673addb8d
Resume checkpoint saved → models/qnn_cpu_resume.pth  (epoch 48 done)
---------------------------------------------------------------------------
14/04/2026 - 05:54 AM - INFO - ID: 1dd7ef18-709f-4ac1-bcb7-f0f6149133e6
=== Epoch 49/75 ===
 Train | Loss: 0.7512 | Acc: 91.07%
 Valid | Loss: 0.4990 | Acc: 91.83%
 Per-class: {0: 92.15686274509804, 1: 90.86206896551724, 2: 94.3452380952381, 3: 93.17507418397626, 4: 90.37854889589906, 5: 91.86046511627907}
 Time: 656.1s

---------------------------------------------------------------------------
14/04/2026 - 05:54 AM - INFO - ID: c62575e6-efa0-4281-9598-e390f02984eb
Resume checkpoint saved → models/qnn_cpu_resume.pth  (epoch 49 done)
---------------------------------------------------------------------------
14/04/2026 - 06:05 AM - INFO - ID: 5ce24c27-9397-418f-b6a3-ad0dcb9247c2
=== Epoch 50/75 ===
 Train | Loss: 0.7537 | Acc: 91.48%
 Valid | Loss: 0.4912 | Acc: 91.83%
 Per-class: {0: 92.15686274509804, 1: 92.06896551724138, 2: 95.83333333333333, 3: 90.80118694362018, 4: 89.43217665615143, 5: 92.32558139534883}
 Time: 656.5s

---------------------------------------------------------------------------
14/04/2026 - 06:05 AM - INFO - ID: 04907ebd-c249-459d-8607-e94b945b5a80
Resume checkpoint saved → models/qnn_cpu_resume.pth  (epoch 50 done)
---------------------------------------------------------------------------
14/04/2026 - 06:16 AM - INFO - ID: 7c577c34-aecf-4e3e-b0b9-7c6f2678ad67
=== Epoch 51/75 ===
 Train | Loss: 0.7435 | Acc: 91.61%
 Valid | Loss: 0.4773 | Acc: 92.15%
 Per-class: {0: 91.17647058823529, 1: 92.75862068965517, 2: 94.3452380952381, 3: 93.47181008902078, 4: 91.16719242902208, 5: 91.16279069767442}
 Time: 653.3s

---------------------------------------------------------------------------
14/04/2026 - 06:16 AM - INFO - ID: 9c0a0454-d950-440b-a787-35b07912261b
Resume checkpoint saved → models/qnn_cpu_resume.pth  (epoch 51 done)
---------------------------------------------------------------------------
14/04/2026 - 06:27 AM - INFO - ID: b99a9b9f-6d84-4665-aac5-7318f5c33f29
=== Epoch 52/75 ===
 Train | Loss: 0.7344 | Acc: 92.49%
 Valid | Loss: 0.4748 | Acc: 92.22%
 Per-class: {0: 91.56862745098039, 1: 95.86206896551724, 2: 96.13095238095238, 3: 91.3946587537092, 4: 88.17034700315457, 5: 91.62790697674419}
 Time: 654.2s

---------------------------------------------------------------------------
14/04/2026 - 06:27 AM - INFO - ID: a02ae85a-66ab-47b9-9510-3d666946a721
Resume checkpoint saved → models/qnn_cpu_resume.pth  (epoch 52 done)
---------------------------------------------------------------------------
14/04/2026 - 06:38 AM - INFO - ID: 17a98205-528e-4a56-aaed-ebaca212a4a8
=== Epoch 53/75 ===
 Train | Loss: 0.7388 | Acc: 92.35%
 Valid | Loss: 0.4897 | Acc: 91.86%
 Per-class: {0: 93.52941176470588, 1: 91.72413793103448, 2: 95.53571428571429, 3: 89.91097922848665, 4: 90.85173501577287, 5: 90.23255813953489}
 Time: 653.1s

---------------------------------------------------------------------------
14/04/2026 - 06:38 AM - INFO - ID: afcbc166-701c-44fe-bc55-01ba51fee1fa
Resume checkpoint saved → models/qnn_cpu_resume.pth  (epoch 53 done)
---------------------------------------------------------------------------
14/04/2026 - 06:50 AM - INFO - ID: 9ff0e92e-f5ab-4ee6-a067-664760b08134
=== Epoch 54/75 ===
 Train | Loss: 0.7355 | Acc: 92.75%
 Valid | Loss: 0.4669 | Acc: 92.32%
 Per-class: {0: 94.31372549019608, 1: 91.55172413793103, 2: 94.94047619047619, 3: 91.0979228486647, 4: 91.95583596214512, 5: 90.46511627906976}
 Time: 651.6s

---------------------------------------------------------------------------
14/04/2026 - 06:50 AM - INFO - ID: a295fc4b-4dde-4a6b-bf46-90a584e1c859
Resume checkpoint saved → models/qnn_cpu_resume.pth  (epoch 54 done)
---------------------------------------------------------------------------
14/04/2026 - 07:01 AM - INFO - ID: a02700a6-7d6f-4f1d-b38f-cea47fa40d93
=== Epoch 55/75 ===
 Train | Loss: 0.7293 | Acc: 93.12%
 Valid | Loss: 0.4634 | Acc: 92.89%
 Per-class: {0: 94.11764705882354, 1: 95.6896551724138, 2: 96.13095238095238, 3: 92.87833827893175, 4: 88.801261829653, 5: 91.16279069767442}
 Time: 652.7s

---------------------------------------------------------------------------
14/04/2026 - 07:01 AM - INFO - ID: 4f23f0dc-fcf5-4234-bab1-6f201a99499a
Resume checkpoint saved → models/qnn_cpu_resume.pth  (epoch 55 done)
---------------------------------------------------------------------------
14/04/2026 - 07:12 AM - INFO - ID: b341d146-6d07-42d3-9b54-088346d40874
=== Epoch 56/75 ===
 Train | Loss: 0.7168 | Acc: 93.55%
 Valid | Loss: 0.4583 | Acc: 93.56%
 Per-class: {0: 94.11764705882354, 1: 92.93103448275862, 2: 96.13095238095238, 3: 92.28486646884274, 4: 94.16403785488959, 5: 91.86046511627907}
 Time: 651.0s

---------------------------------------------------------------------------
14/04/2026 - 07:12 AM - INFO - ID: d2d38fa3-8533-4b2f-a90f-44f309252750
Resume checkpoint saved → models/qnn_cpu_resume.pth  (epoch 56 done)
---------------------------------------------------------------------------
14/04/2026 - 07:23 AM - INFO - ID: 756bacc5-7763-40d7-b342-955eca283554
=== Epoch 57/75 ===
 Train | Loss: 0.7254 | Acc: 93.48%
 Valid | Loss: 0.4454 | Acc: 93.74%
 Per-class: {0: 94.11764705882354, 1: 95.0, 2: 94.94047619047619, 3: 92.87833827893175, 4: 93.53312302839117, 5: 91.62790697674419}
 Time: 650.2s

---------------------------------------------------------------------------
14/04/2026 - 07:23 AM - INFO - ID: 2de1fa99-4a7a-41dd-ade8-1e975bac0325
Resume checkpoint saved → models/qnn_cpu_resume.pth  (epoch 57 done)
---------------------------------------------------------------------------
14/04/2026 - 07:34 AM - INFO - ID: ca34e5f5-3b67-497a-bfb3-89ee70ea6051
=== Epoch 58/75 ===
 Train | Loss: 0.7203 | Acc: 93.59%
 Valid | Loss: 0.4499 | Acc: 93.74%
 Per-class: {0: 92.74509803921569, 1: 95.34482758620689, 2: 96.13095238095238, 3: 94.3620178041543, 4: 91.7981072555205, 5: 93.25581395348837}
 Time: 648.9s

---------------------------------------------------------------------------
14/04/2026 - 07:34 AM - INFO - ID: 1a853725-733e-4867-8bd8-801b4e313f58
Resume checkpoint saved → models/qnn_cpu_resume.pth  (epoch 58 done)
---------------------------------------------------------------------------
14/04/2026 - 07:45 AM - INFO - ID: 02e73d09-0caa-4be4-81c0-152639c66b65
=== Epoch 59/75 ===
 Train | Loss: 0.7186 | Acc: 93.89%
 Valid | Loss: 0.4471 | Acc: 93.70%
 Per-class: {0: 92.54901960784314, 1: 95.0, 2: 94.94047619047619, 3: 93.76854599406528, 4: 93.05993690851734, 5: 93.25581395348837}
 Time: 657.3s

---------------------------------------------------------------------------
14/04/2026 - 07:45 AM - INFO - ID: 28e8adcd-f47e-4bc6-bcf7-c53648ad70ab
Resume checkpoint saved → models/qnn_cpu_resume.pth  (epoch 59 done)
---------------------------------------------------------------------------
14/04/2026 - 07:56 AM - INFO - ID: 0565d53b-2a72-4dd6-af89-54eb46ababbd
=== Epoch 60/75 ===
 Train | Loss: 0.7125 | Acc: 94.20%
 Valid | Loss: 0.4475 | Acc: 93.74%
 Per-class: {0: 93.72549019607843, 1: 92.75862068965517, 2: 96.42857142857143, 3: 92.58160237388724, 4: 93.21766561514195, 5: 94.65116279069767}
 Time: 654.1s

---------------------------------------------------------------------------
14/04/2026 - 07:56 AM - INFO - ID: 0f791fbb-b5a3-460a-b6d8-bf80b4798090
Resume checkpoint saved → models/qnn_cpu_resume.pth  (epoch 60 done)
---------------------------------------------------------------------------
14/04/2026 - 08:07 AM - INFO - ID: 2e659647-8302-4e63-a4f2-3cbd095b3672
=== Epoch 61/75 ===
 Train | Loss: 0.7144 | Acc: 94.30%
 Valid | Loss: 0.4436 | Acc: 93.77%
 Per-class: {0: 94.50980392156863, 1: 94.65517241379311, 2: 94.94047619047619, 3: 93.47181008902078, 4: 91.95583596214512, 5: 93.72093023255815}
 Time: 655.6s

---------------------------------------------------------------------------
14/04/2026 - 08:07 AM - INFO - ID: 3163429c-a278-4a86-91e0-1d22e5edce06
Resume checkpoint saved → models/qnn_cpu_resume.pth  (epoch 61 done)
---------------------------------------------------------------------------
14/04/2026 - 08:18 AM - INFO - ID: bca79035-fa17-4fb5-9d91-f6f80cca7647
=== Epoch 62/75 ===
 Train | Loss: 0.7112 | Acc: 94.64%
 Valid | Loss: 0.4406 | Acc: 93.92%
 Per-class: {0: 94.11764705882354, 1: 94.13793103448276, 2: 94.64285714285714, 3: 94.65875370919882, 4: 92.42902208201893, 5: 94.4186046511628}
 Time: 648.3s

---------------------------------------------------------------------------
14/04/2026 - 08:18 AM - INFO - ID: 43acd3e4-b601-438e-a985-8ccf46f2cbae
Resume checkpoint saved → models/qnn_cpu_resume.pth  (epoch 62 done)
---------------------------------------------------------------------------
14/04/2026 - 08:29 AM - INFO - ID: 80f8ede1-9e5c-4e98-a380-dd85b30d5988
=== Epoch 63/75 ===
 Train | Loss: 0.7159 | Acc: 94.55%
 Valid | Loss: 0.4369 | Acc: 94.69%
 Per-class: {0: 96.47058823529412, 1: 94.65517241379311, 2: 96.72619047619048, 3: 93.47181008902078, 4: 92.90220820189275, 5: 94.65116279069767}
 Time: 651.6s

---------------------------------------------------------------------------
14/04/2026 - 08:29 AM - INFO - ID: e07fe686-9185-45c3-b4db-d9c8c8d13aa9
Resume checkpoint saved → models/qnn_cpu_resume.pth  (epoch 63 done)
---------------------------------------------------------------------------
14/04/2026 - 08:41 AM - INFO - ID: c76089b2-3fd0-449e-8088-a4790c4794a8
=== Epoch 64/75 ===
 Train | Loss: 0.7094 | Acc: 94.81%
 Valid | Loss: 0.4331 | Acc: 94.27%
 Per-class: {0: 94.31372549019608, 1: 94.13793103448276, 2: 95.53571428571429, 3: 93.47181008902078, 4: 93.84858044164038, 5: 94.65116279069767}
 Time: 647.6s

---------------------------------------------------------------------------
14/04/2026 - 08:41 AM - INFO - ID: ca82df54-3aef-4315-b161-2962d8de60c4
Resume checkpoint saved → models/qnn_cpu_resume.pth  (epoch 64 done)
---------------------------------------------------------------------------
14/04/2026 - 08:52 AM - INFO - ID: d0b7bd71-7c8d-43c3-9926-3191a3fb6e2a
=== Epoch 65/75 ===
 Train | Loss: 0.7174 | Acc: 94.73%
 Valid | Loss: 0.4374 | Acc: 94.20%
 Per-class: {0: 93.33333333333333, 1: 93.10344827586206, 2: 97.02380952380952, 3: 94.06528189910979, 4: 94.3217665615142, 5: 94.4186046511628}
 Time: 651.5s

---------------------------------------------------------------------------
14/04/2026 - 08:52 AM - INFO - ID: 0ca6f363-5483-4601-b87e-22c3c405eede
Resume checkpoint saved → models/qnn_cpu_resume.pth  (epoch 65 done)
---------------------------------------------------------------------------
14/04/2026 - 09:03 AM - INFO - ID: 08cf3ae1-59a7-40b9-9959-adf82c627579
=== Epoch 66/75 ===
 Train | Loss: 0.7147 | Acc: 94.86%
 Valid | Loss: 0.4321 | Acc: 94.30%
 Per-class: {0: 94.31372549019608, 1: 93.96551724137932, 2: 96.42857142857143, 3: 94.3620178041543, 4: 93.21766561514195, 5: 94.65116279069767}
 Time: 653.0s

---------------------------------------------------------------------------
14/04/2026 - 09:03 AM - INFO - ID: 48cbac6e-0341-4eb5-874b-2d72a1bba29e
Resume checkpoint saved → models/qnn_cpu_resume.pth  (epoch 66 done)
---------------------------------------------------------------------------
14/04/2026 - 09:14 AM - INFO - ID: 8575529b-0888-4315-83c8-e96cb410b2d3
=== Epoch 67/75 ===
 Train | Loss: 0.7128 | Acc: 95.06%
 Valid | Loss: 0.4292 | Acc: 94.23%
 Per-class: {0: 94.31372549019608, 1: 96.37931034482759, 2: 94.64285714285714, 3: 93.17507418397626, 4: 91.6403785488959, 5: 95.5813953488372}
 Time: 651.6s

---------------------------------------------------------------------------
14/04/2026 - 09:14 AM - INFO - ID: ad96c117-b688-4229-9251-2a6192182d95
Resume checkpoint saved → models/qnn_cpu_resume.pth  (epoch 67 done)
---------------------------------------------------------------------------
14/04/2026 - 09:25 AM - INFO - ID: 11b26ad2-2c7c-43eb-bc9e-41a4a21ec64d
=== Epoch 68/75 ===
 Train | Loss: 0.7128 | Acc: 95.02%
 Valid | Loss: 0.4294 | Acc: 94.73%
 Per-class: {0: 95.49019607843137, 1: 95.51724137931035, 2: 96.72619047619048, 3: 93.76854599406528, 4: 94.16403785488959, 5: 92.79069767441861}
 Time: 663.5s

---------------------------------------------------------------------------
14/04/2026 - 09:25 AM - INFO - ID: bdf5585a-3f8c-40c8-b900-71a3bf1a06e5
Resume checkpoint saved → models/qnn_cpu_resume.pth  (epoch 68 done)
---------------------------------------------------------------------------
14/04/2026 - 09:37 AM - INFO - ID: 4c03bb06-010a-495f-a379-0288b4d4315d
=== Epoch 69/75 ===
 Train | Loss: 0.7140 | Acc: 95.27%
 Valid | Loss: 0.4226 | Acc: 94.80%
 Per-class: {0: 94.11764705882354, 1: 95.51724137931035, 2: 96.42857142857143, 3: 94.06528189910979, 4: 94.6372239747634, 5: 94.18604651162791}
 Time: 668.9s

---------------------------------------------------------------------------
14/04/2026 - 09:37 AM - INFO - ID: 3d59d39b-3cfc-4d34-b286-cbf46b30dfe3
Resume checkpoint saved → models/qnn_cpu_resume.pth  (epoch 69 done)
---------------------------------------------------------------------------
14/04/2026 - 09:48 AM - INFO - ID: d41c1765-6613-415d-aadd-e1b3ca58b129
=== Epoch 70/75 ===
 Train | Loss: 0.7176 | Acc: 94.94%
 Valid | Loss: 0.4273 | Acc: 94.52%
 Per-class: {0: 94.31372549019608, 1: 95.86206896551724, 2: 96.13095238095238, 3: 93.76854599406528, 4: 93.05993690851734, 5: 94.4186046511628}
 Time: 665.3s

---------------------------------------------------------------------------
14/04/2026 - 09:48 AM - INFO - ID: 271ba7ce-c3ee-42e8-8016-466f976baa57
Resume checkpoint saved → models/qnn_cpu_resume.pth  (epoch 70 done)
---------------------------------------------------------------------------
14/04/2026 - 09:59 AM - INFO - ID: 3d2b5baf-abef-4932-aaba-d3a103977149
=== Epoch 71/75 ===
 Train | Loss: 0.7142 | Acc: 94.98%
 Valid | Loss: 0.4243 | Acc: 94.55%
 Per-class: {0: 94.11764705882354, 1: 95.86206896551724, 2: 95.83333333333333, 3: 93.17507418397626, 4: 93.37539432176656, 5: 95.11627906976744}
 Time: 664.7s

---------------------------------------------------------------------------
14/04/2026 - 09:59 AM - INFO - ID: 56bba722-7244-4944-9c93-19e1d531825a
Resume checkpoint saved → models/qnn_cpu_resume.pth  (epoch 71 done)
---------------------------------------------------------------------------
14/04/2026 - 10:11 AM - INFO - ID: 7271648b-8e43-4fb8-8ef5-49c7f12fcb1f
=== Epoch 72/75 ===
 Train | Loss: 0.7084 | Acc: 95.19%
 Valid | Loss: 0.4219 | Acc: 94.80%
 Per-class: {0: 94.50980392156863, 1: 96.55172413793103, 2: 95.23809523809524, 3: 94.06528189910979, 4: 93.37539432176656, 5: 95.11627906976744}
 Time: 667.1s

---------------------------------------------------------------------------
14/04/2026 - 10:11 AM - INFO - ID: 40868d76-23de-4ca7-a545-a53b6783b565
Resume checkpoint saved → models/qnn_cpu_resume.pth  (epoch 72 done)
---------------------------------------------------------------------------
14/04/2026 - 10:23 AM - INFO - ID: ee38210f-16c9-44a7-b2f1-2752e41c6484
=== Epoch 73/75 ===
 Train | Loss: 0.7054 | Acc: 95.37%
 Valid | Loss: 0.4216 | Acc: 94.84%
 Per-class: {0: 94.70588235294117, 1: 96.20689655172414, 2: 96.13095238095238, 3: 94.06528189910979, 4: 93.84858044164038, 5: 94.18604651162791}
 Time: 677.5s

---------------------------------------------------------------------------
14/04/2026 - 10:23 AM - INFO - ID: 3357fb03-f213-416b-96ee-b56e83cd4c5c
Resume checkpoint saved → models/qnn_cpu_resume.pth  (epoch 73 done)
---------------------------------------------------------------------------
14/04/2026 - 10:34 AM - INFO - ID: 12a57d3e-9bf5-4ba3-b3e7-e24bcf8936ce
=== Epoch 74/75 ===
 Train | Loss: 0.7041 | Acc: 95.26%
 Valid | Loss: 0.4225 | Acc: 94.66%
 Per-class: {0: 95.88235294117646, 1: 95.34482758620689, 2: 96.42857142857143, 3: 94.06528189910979, 4: 92.74447949526814, 5: 94.18604651162791}
 Time: 686.0s

---------------------------------------------------------------------------
14/04/2026 - 10:34 AM - INFO - ID: 53d94312-b092-4e19-bd86-37a9bd90723b
Resume checkpoint saved → models/qnn_cpu_resume.pth  (epoch 74 done)
---------------------------------------------------------------------------
14/04/2026 - 10:46 AM - INFO - ID: 584f0043-e9f7-4afd-a90b-0f8aff42fb2a
=== Epoch 75/75 ===
 Train | Loss: 0.7063 | Acc: 95.17%
 Valid | Loss: 0.4303 | Acc: 94.23%
 Per-class: {0: 92.54901960784314, 1: 94.48275862068965, 2: 94.94047619047619, 3: 94.3620178041543, 4: 93.84858044164038, 5: 95.81395348837209}
 Time: 664.5s

---------------------------------------------------------------------------
14/04/2026 - 10:46 AM - INFO - ID: 81997c29-ad25-4e2b-a2aa-67c54688a799
Resume checkpoint saved → models/qnn_cpu_resume.pth  (epoch 75 done)
---------------------------------------------------------------------------
14/04/2026 - 10:47 AM - INFO - ID: dcc749a4-ca22-4856-be2e-2a909811e112
Test | Loss: 0.4182 | Acc: 94.88%
---------------------------------------------------------------------------
14/04/2026 - 10:47 AM - INFO - ID: 0ece0293-4191-4a75-b8e2-82ca7c89f986
Detailed Metrics:
              precision    recall  f1-score   support

 Deformation       0.97      0.93      0.95       510
  Deposition       0.94      0.96      0.95       582
  Disconnect       0.97      0.97      0.97       336
Misalignment       0.93      0.94      0.94       338
    Obstacle       0.94      0.93      0.94       635
     Rupture       0.94      0.97      0.95       432

    accuracy                           0.95      2833
   macro avg       0.95      0.95      0.95      2833
weighted avg       0.95      0.95      0.95      2833